Archive member included to satisfy reference by file (symbol)

/home/deh/launchpad/gcc-arm-none-eabi-5_4-2016q3/arm-none-eabi/lib/armv7-m/libc.a(lib_a-reent.o)
                              newlib_support.o (errno)
/home/deh/launchpad/gcc-arm-none-eabi-5_4-2016q3/arm-none-eabi/lib/armv7-m/libc.a(lib_a-freer.o)
                              /home/deh/launchpad/gcc-arm-none-eabi-5_4-2016q3/arm-none-eabi/lib/armv7-m/libc.a(lib_a-reent.o) (_free_r)
/home/deh/launchpad/gcc-arm-none-eabi-5_4-2016q3/arm-none-eabi/lib/armv7-m/libc.a(lib_a-impure.o)
                              /home/deh/launchpad/gcc-arm-none-eabi-5_4-2016q3/arm-none-eabi/lib/armv7-m/libc.a(lib_a-reent.o) (_impure_ptr)
/home/deh/launchpad/gcc-arm-none-eabi-5_4-2016q3/arm-none-eabi/lib/armv7-m/libc.a(lib_a-mallocr.o)
                              /home/deh/launchpad/gcc-arm-none-eabi-5_4-2016q3/arm-none-eabi/lib/armv7-m/libc.a(lib_a-freer.o) (__malloc_current_mallinfo)
/home/deh/launchpad/gcc-arm-none-eabi-5_4-2016q3/arm-none-eabi/lib/armv7-m/libc.a(lib_a-mlock.o)
                              /home/deh/launchpad/gcc-arm-none-eabi-5_4-2016q3/arm-none-eabi/lib/armv7-m/libc.a(lib_a-freer.o) (__malloc_lock)
/home/deh/launchpad/gcc-arm-none-eabi-5_4-2016q3/arm-none-eabi/lib/armv7-m/libc.a(lib_a-sbrkr.o)
                              /home/deh/launchpad/gcc-arm-none-eabi-5_4-2016q3/arm-none-eabi/lib/armv7-m/libc.a(lib_a-freer.o) (_sbrk_r)
./../../../../svn_pod/sw_stm32/trunk/lib/libmiscstm32/libmiscstm32.a(busfreq.o)
                              ldr.o (sysclk_freq)
./../../../../svn_pod/sw_stm32/trunk/lib/libmiscstm32/libmiscstm32.a(clockspecifysetup.o)
                              ldr.o (clockspecifysetup)
./../../../../svn_pod/sw_stm32/trunk/lib/libmiscstm32/libmiscstm32.a(DTW_counter.o)
                              ldr.o (DTW_counter_init)
./../../../../svn_pod/sw_stm32/trunk/lib/libmiscstm32/libmiscstm32.a(printf.o)
                              ldr.o (init_printf)
./../../../../svn_pod/sw_stm32/trunk/lib/libmiscstm32/libmiscstm32.a(startup_deh.o)
                              (Reset_Handler)
./../../../../svn_pod/sw_stm32/trunk/lib/libusartstm32/libusartstm32.a(USART1_rxinttxint.o)
                              ldr.o (USART1_rxinttxint_init)
./../../../../svn_pod/sw_stm32/trunk/lib/libusartstm32/libusartstm32.a(USART1_txint_putc.o)
                              ldr.o (USART1_txint_putc)
./../../../../svn_pod/sw_stm32/trunk/lib/libusartstm32/libusartstm32.a(USART1_txint_puts.o)
                              ldr.o (USART1_txint_puts)
./../../../../svn_pod/sw_stm32/trunk/lib/libusartstm32/libusartstm32.a(USART1_txint_send.o)
                              ldr.o (USART1_txint_send)
./../../../../svn_pod/sw_stm32/trunk/lib/libusartstm32/libusartstm32.a(USART1_txint_busy.o)
                              ./../../../../svn_pod/sw_stm32/trunk/lib/libusartstm32/libusartstm32.a(USART1_txint_putc.o) (USART1_txint_busy)
./../../../../svn_pod/sw_stm32/trunk/lib/libusartstm32/libusartstm32.a(usartx_putsS.o)
                              ./../../../../svn_pod/sw_stm32/trunk/lib/libusartstm32/libusartstm32.a(USART1_txint_puts.o) (usartx_putsS)
./../../../../svn_pod/sw_stm32/trunk/lib/libusartstm32/libusartstm32.a(USART1_txmin.o)
                              ./../../../../svn_pod/sw_stm32/trunk/lib/libusartstm32/libusartstm32.a(USART1_rxinttxint.o) (pUSARTcbt1)
./../../../../svn_pod/sw_stm32/trunk/lib/libusartstm32/libusartstm32.a(usartx_txdma_init.o)
                              ./../../../../svn_pod/sw_stm32/trunk/lib/libusartstm32/libusartstm32.a(USART1_rxinttxint.o) (usartx_txdma_allocatebuffers)
./../../../../svn_pod/sw_stm32/trunk/lib/libusartstm32/libusartstm32.a(usartx_tx_advlnptr.o)
                              ./../../../../svn_pod/sw_stm32/trunk/lib/libusartstm32/libusartstm32.a(USART1_rxinttxint.o) (usartx_txisr_advlnptr)
./../../../../svn_pod/sw_stm32/trunk/lib/libusartstm32/libusartstm32.a(USART1_rxdma.o)
                              ./../../../../svn_pod/sw_stm32/trunk/lib/libusartstm32/libusartstm32.a(USART1_rxinttxint.o) (pUSARTcbr1)
./../../../../svn_pod/sw_stm32/trunk/lib/libusartstm32/libusartstm32.a(usartx_rxint_init.o)
                              ./../../../../svn_pod/sw_stm32/trunk/lib/libusartstm32/libusartstm32.a(USART1_rxinttxint.o) (usartx_rxint_allocatebuffers)
./../../../../svn_pod/sw_stm32/trunk/lib/libusartstm32/libusartstm32.a(usartx_txint_send.o)
                              ./../../../../svn_pod/sw_stm32/trunk/lib/libusartstm32/libusartstm32.a(USART1_txint_send.o) (usartx_txint_send)
./../../../../svn_pod/sw_stm32/trunk/lib/libusartstm32/libusartstm32.a(usartx_txint_init.o)
                              ./../../../../svn_pod/sw_stm32/trunk/lib/libusartstm32/libusartstm32.a(USART1_rxinttxint.o) (usartx_txint_usart_init)
./../../../../svn_pod/sw_stm32/trunk/lib/libusartstm32/libusartstm32.a(mymalloc.o)
                              ./../../../../svn_pod/sw_stm32/trunk/lib/libusartstm32/libusartstm32.a(usartx_txdma_init.o) (mymalloc)
./../../../../svn_pod/sw_stm32/trunk/lib/libusartstm32/libusartstm32.a(usartx_setbaud.o)
                              ./../../../../svn_pod/sw_stm32/trunk/lib/libusartstm32/libusartstm32.a(usartx_txdma_init.o) (usartx_setbaud)
./../../../../svn_pod/sw_stm32/trunk/lib/libusartstm32/libusartstm32.a(usartx_txmin_init.o)
                              ./../../../../svn_pod/sw_stm32/trunk/lib/libusartstm32/libusartstm32.a(USART1_txmin.o) (usartx_txmin_init)
./../../../../svn_pod/sw_stm32/trunk/lib/libusartstm32/libusartstm32.a(usartx_rxdma_init.o)
                              ./../../../../svn_pod/sw_stm32/trunk/lib/libusartstm32/libusartstm32.a(USART1_rxdma.o) (usartx_rxdma_allocatebuffers)
./../../../sw_f103/trunk/lib/libsensormisc/libsensormisc.a(crc-32.o)
                              ldr.o (rc_crc32)
./../../../sw_f103/trunk/lib/libsensormisc/libsensormisc.a(can_nxp_setRS.o)
                              ldr.o (can_nxp_setRS)
./../../../sw_f103/trunk/lib/libsensormisc/libsensormisc.a(canwinch_setup_F103_pod.o)
                              ldr.o (canwinch_setup_F103_pod_clocks)
./../../../sw_f103/trunk/lib/libsensormisc/libsensormisc.a(panic_leds_pod.o)
                              vector.o (panic_leds_pod)
./../../../sw_f103/trunk/lib/libdevicestm32/libdevicestm32.a(flash_write.o)
                              canwinch_ldrproto.o (flash_write)
./../../../sw_f103/trunk/lib/libdevicestm32/libdevicestm32.a(SENSORpinconfig.o)
                              ./../../../sw_f103/trunk/lib/libsensormisc/libsensormisc.a(can_nxp_setRS.o) (configure_pin)
./../../../../svn_pod/sw_stm32/trunk/devices/libdevicesstm32.a(pinconfig_all.o)
                              ./../../../sw_f103/trunk/lib/libdevicestm32/libdevicestm32.a(SENSORpinconfig.o) (pinconfig_all)
./../../../../svn_pod/sw_stm32/trunk/devices/libdevicesstm32.a(PODpinconfig.o)
                              ldr.o (PODgpiopins_Config)
./../../../../svn_common/trunk/f103/libcommon_allf103.a(can_driver.o)
                              ./../../../sw_f103/trunk/lib/libsensormisc/libsensormisc.a(canwinch_setup_F103_pod.o) (can_driver_init)
./../../../../svn_common/trunk/f103/libcommon_allf103.a(can_driver_port.o)
                              ./../../../../svn_common/trunk/f103/libcommon_allf103.a(can_driver.o) (can_driver_port)
./../../../../svn_common/trunk/f103/libcommon_allf103.a(can_driver_filter.o)
                              ./../../../sw_f103/trunk/lib/libsensormisc/libsensormisc.a(canwinch_setup_F103_pod.o) (can_driver_filter_deactivate_all)
./../../../../svn_common/trunk/f103/libcommon_allf103.a(can_msg_reset.o)
                              ldr.o (can_msg_reset_init)
/home/deh/launchpad/gcc-arm-none-eabi-5_4-2016q3/arm-none-eabi/lib/armv7-m/libc.a(lib_a-calloc.o)
                              ./../../../../svn_common/trunk/f103/libcommon_allf103.a(can_driver.o) (calloc)
/home/deh/launchpad/gcc-arm-none-eabi-5_4-2016q3/arm-none-eabi/lib/armv7-m/libc.a(lib_a-callocr.o)
                              /home/deh/launchpad/gcc-arm-none-eabi-5_4-2016q3/arm-none-eabi/lib/armv7-m/libc.a(lib_a-calloc.o) (_calloc_r)
/home/deh/launchpad/gcc-arm-none-eabi-5_4-2016q3/arm-none-eabi/lib/armv7-m/libc.a(lib_a-memset.o)
                              /home/deh/launchpad/gcc-arm-none-eabi-5_4-2016q3/arm-none-eabi/lib/armv7-m/libc.a(lib_a-callocr.o) (memset)

Allocating common symbols
Common symbol       size              file

errno               0x4               /home/deh/launchpad/gcc-arm-none-eabi-5_4-2016q3/arm-none-eabi/lib/armv7-m/libc.a(lib_a-reent.o)

Memory Configuration

Name             Origin             Length             Attributes
RAM              0x20000000         0x00010000         xrw
FLASH            0x08000000         0x00005000         xr
FLASHH           0x0807f800         0x00000800         xr
*default*        0x00000000         0xffffffff

Linker script and memory map

LOAD /home/deh/launchpad/gcc-arm-none-eabi-5_4-2016q3/lib/gcc/arm-none-eabi/5.4.1/armv7-m/libgcc.a
LOAD /home/deh/launchpad/gcc-arm-none-eabi-5_4-2016q3/lib/gcc/arm-none-eabi/5.4.1/armv7-m/libgcov.a
LOAD /home/deh/launchpad/gcc-arm-none-eabi-5_4-2016q3/arm-none-eabi/lib/armv7-m/libc.a
LOAD /home/deh/launchpad/gcc-arm-none-eabi-5_4-2016q3/arm-none-eabi/lib/armv7-m/libm.a
                0x08005004                __appjump = 0x8005004
                0x08005000                __appoffset = 0x8005000
                0x00000400                _MYHEAP_SIZE = 0x400
                0x2000fc00                __MSP = 0x2000fc00

.flash          0x08000000     0x4188
 *(.vectors)
 .vectors       0x08000000      0x130 vector.o
                0x08000000                vector_table
 .vectors       0x08000130        0x8 ldr.o
                0x08000130                unique_can_block
 *(.vtable)
 .vtable        0x08000138       0x18 ldr.o
                0x08000138                fixedaddress
 *(.text .text.* .gnu.linkonce.t.*)
 .text          0x08000150       0x40 vector.o
                0x08000150                hard_fault_handler
                0x08000156                mem_manage_handler
                0x0800015c                bus_fault_handler
                0x08000162                usage_fault_handler
                0x08000168                DMA1CH4_IRQHandler
                0x08000168                rtc_isr
                0x08000168                p1_TIM1_TRG_COM_IRQHandler
                0x08000168                TIM6_IRQHandler
                0x08000168                I2C1_ER_IRQHandler_ten
                0x08000168                DMA1CH1_IRQHandler_tension
                0x08000168                usb_wakeup_isr
                0x08000168                exti2_isr
                0x08000168                dma1_channel6_isr
                0x08000168                null_handler
                0x08000168                dDMA1CH2_IRQHandler
                0x08000168                I2C2_EV_IRQHandler
                0x08000168                dma1_channel5_isr
                0x08000168                ADC1_2_IRQHandler
                0x08000168                p1_TIM1_UP_IRQHandler
                0x08000168                tim8_trg_com_isr
                0x08000168                SYSTICK_IRQHandler
                0x08000168                SPI1_TEN_IRQHandler
                0x08000168                sdio_isr
                0x08000168                tim8_brk_isr
                0x08000168                dma2_channel4_5_isr
                0x08000168                usart5_isr
                0x08000168                USART3_IRQHandler
                0x08000168                pvd_isr
                0x08000168                ADC3_IRQHandler
                0x08000168                TIM4_IRQHandler
                0x08000168                sv_call_handler
                0x08000168                rcc_isr
                0x08000168                flash_isr
                0x08000168                I2C1_EV_IRQHandler
                0x08000168                rtc_alarm_isr
                0x08000168                exti15_10_isr
                0x08000168                p1_TIM1_BRK_IRQHandler
                0x08000168                exti1_isr
                0x08000168                CAN_SCE_Handler
                0x08000168                dma2_channel1_isr
                0x08000168                pend_sv_handler
                0x08000168                spi2_isr
                0x08000168                tim8_up_isr
                0x08000168                TIM7_IRQHandler
                0x08000168                dma2_channel2_isr
                0x08000168                TIM5_IRQHandler
                0x08000168                debug_monitor_handler
                0x08000168                exti3_isr
                0x08000168                tim3_isr
                0x08000168                exti4_isr
                0x08000168                DMA2CH3_IRQHandler
                0x08000168                exti9_5_isr
                0x08000168                TIM2_IRQHandler
                0x08000168                FSMC_IRQHandler_ten
                0x08000168                nmi_handler
                0x08000168                USART2_IRQHandler
                0x08000168                tim8_cc_isr
                0x08000168                I2C2_ER_IRQHandler
                0x08000168                tamper_isr
                0x08000168                p1_TIM1_CC_IRQHandler
                0x08000168                wwdg_isr
                0x08000168                dma1_channel3_isr
                0x08000168                usart4_isr
                0x08000168                spi3_isr
                0x08000168                DMA1CH7_IRQHandler
                0x08000168                exti0_isr
                0x0800016e                relocate_vector
 .text          0x08000190       0x40 ldr.o
                0x08000190                putc
                0x08000196                system_reset
                0x080001a8                toggle_1led
 .text.startup  0x080001d0      0x288 ldr.o
                0x080001d0                main
 .text          0x08000458      0x14c newlib_support.o
                0x08000458                _close
                0x0800045e                _execve
                0x08000470                _fork
                0x08000480                _fstat
                0x0800048a                _getpid
                0x0800048e                _isatty
                0x080004a4                _kill
                0x080004b4                _link
                0x080004c4                _lseek
                0x080004c8                _sbrk
                0x080004e4                _read
                0x080004f8                _stat
                0x08000502                _times
                0x08000508                _unlink
                0x08000518                _wait
                0x08000528                _write
                0x08000590                _exit
 .text          0x080005a4      0x828 canwinch_ldrproto.o
                0x080006bc                canwinch_ldrproto_init
                0x08000770                mv2
                0x0800077a                mv4
                0x0800077e                do_dataread
                0x080007b0                addressOK
                0x080007e8                do_datawrite
                0x080009c0                do_wrblk
                0x080009e4                do_crc
                0x08000aac                do_set_addr
                0x08000b14                do_flashsize
                0x08000b4c                do_rd4
                0x08000b90                do_getfromdaddress
                0x08000be4                do_send4
                0x08000c20                do_getflashpaddr
                0x08000c88                do_cmd_cmd
                0x08000d9c                canwinch_ldrproto_poll
 .text          0x08000dcc        0x0 /home/deh/launchpad/gcc-arm-none-eabi-5_4-2016q3/arm-none-eabi/lib/armv7-m/libc.a(lib_a-reent.o)
 .text.cleanup_glue
                0x08000dcc       0x1c /home/deh/launchpad/gcc-arm-none-eabi-5_4-2016q3/arm-none-eabi/lib/armv7-m/libc.a(lib_a-reent.o)
                0x08000dcc                cleanup_glue
 .text._reclaim_reent
                0x08000de8       0x88 /home/deh/launchpad/gcc-arm-none-eabi-5_4-2016q3/arm-none-eabi/lib/armv7-m/libc.a(lib_a-reent.o)
                0x08000de8                _reclaim_reent
 .text          0x08000e70        0x0 /home/deh/launchpad/gcc-arm-none-eabi-5_4-2016q3/arm-none-eabi/lib/armv7-m/libc.a(lib_a-freer.o)
 .text._malloc_trim_r
                0x08000e70       0x9c /home/deh/launchpad/gcc-arm-none-eabi-5_4-2016q3/arm-none-eabi/lib/armv7-m/libc.a(lib_a-freer.o)
                0x08000e70                _malloc_trim_r
 .text._free_r  0x08000f0c      0x1d0 /home/deh/launchpad/gcc-arm-none-eabi-5_4-2016q3/arm-none-eabi/lib/armv7-m/libc.a(lib_a-freer.o)
                0x08000f0c                _free_r
 .text          0x080010dc        0x0 /home/deh/launchpad/gcc-arm-none-eabi-5_4-2016q3/arm-none-eabi/lib/armv7-m/libc.a(lib_a-impure.o)
 .text          0x080010dc        0x0 /home/deh/launchpad/gcc-arm-none-eabi-5_4-2016q3/arm-none-eabi/lib/armv7-m/libc.a(lib_a-mallocr.o)
 .text._malloc_r
                0x080010dc      0x558 /home/deh/launchpad/gcc-arm-none-eabi-5_4-2016q3/arm-none-eabi/lib/armv7-m/libc.a(lib_a-mallocr.o)
                0x080010dc                _malloc_r
 .text          0x08001634        0x0 /home/deh/launchpad/gcc-arm-none-eabi-5_4-2016q3/arm-none-eabi/lib/armv7-m/libc.a(lib_a-mlock.o)
 .text.__malloc_lock
                0x08001634        0x4 /home/deh/launchpad/gcc-arm-none-eabi-5_4-2016q3/arm-none-eabi/lib/armv7-m/libc.a(lib_a-mlock.o)
                0x08001634                __malloc_lock
 .text.__malloc_unlock
                0x08001638        0x4 /home/deh/launchpad/gcc-arm-none-eabi-5_4-2016q3/arm-none-eabi/lib/armv7-m/libc.a(lib_a-mlock.o)
                0x08001638                __malloc_unlock
 .text          0x0800163c        0x0 /home/deh/launchpad/gcc-arm-none-eabi-5_4-2016q3/arm-none-eabi/lib/armv7-m/libc.a(lib_a-sbrkr.o)
 .text._sbrk_r  0x0800163c       0x24 /home/deh/launchpad/gcc-arm-none-eabi-5_4-2016q3/arm-none-eabi/lib/armv7-m/libc.a(lib_a-sbrkr.o)
                0x0800163c                _sbrk_r
 .text          0x08001660        0x0 ./../../../../svn_pod/sw_stm32/trunk/lib/libmiscstm32/libmiscstm32.a(busfreq.o)
 .text          0x08001660      0x1a8 ./../../../../svn_pod/sw_stm32/trunk/lib/libmiscstm32/libmiscstm32.a(clockspecifysetup.o)
                0x08001660                convert
                0x08001670                clockspecifysetup
 .text          0x08001808       0x20 ./../../../../svn_pod/sw_stm32/trunk/lib/libmiscstm32/libmiscstm32.a(DTW_counter.o)
                0x08001808                DTW_counter_init
 .text          0x08001828      0x2ec ./../../../../svn_pod/sw_stm32/trunk/lib/libmiscstm32/libmiscstm32.a(printf.o)
                0x08001912                tfp_format
                0x08001ab8                init_printf
                0x08001ac4                tfp_printf
                0x08001ae8                tfp_sprintf
 .text          0x08001b14       0x40 ./../../../../svn_pod/sw_stm32/trunk/lib/libmiscstm32/libmiscstm32.a(startup_deh.o)
                0x08001b14                Reset_Handler
 .text          0x08001b54       0xf4 ./../../../../svn_pod/sw_stm32/trunk/lib/libusartstm32/libusartstm32.a(USART1_rxinttxint.o)
                0x08001b54                USART1_rxinttxint_init
                0x08001bdc                USART1_IRQHandler
 .text          0x08001c48       0x38 ./../../../../svn_pod/sw_stm32/trunk/lib/libusartstm32/libusartstm32.a(USART1_txint_putc.o)
                0x08001c48                USART1_txint_putc
 .text          0x08001c80       0x2c ./../../../../svn_pod/sw_stm32/trunk/lib/libusartstm32/libusartstm32.a(USART1_txint_puts.o)
                0x08001c80                USART1_txint_puts
 .text          0x08001cac       0x1c ./../../../../svn_pod/sw_stm32/trunk/lib/libusartstm32/libusartstm32.a(USART1_txint_send.o)
                0x08001cac                USART1_txint_send
 .text          0x08001cc8       0x14 ./../../../../svn_pod/sw_stm32/trunk/lib/libusartstm32/libusartstm32.a(USART1_txint_busy.o)
                0x08001cc8                USART1_txint_busy
 .text          0x08001cdc       0x20 ./../../../../svn_pod/sw_stm32/trunk/lib/libusartstm32/libusartstm32.a(usartx_putsS.o)
                0x08001cdc                usartx_putsS
 .text          0x08001cfc       0x30 ./../../../../svn_pod/sw_stm32/trunk/lib/libusartstm32/libusartstm32.a(USART1_txmin.o)
                0x08001cfc                USART1_txmin_init
 .text          0x08001d2c       0x8e ./../../../../svn_pod/sw_stm32/trunk/lib/libusartstm32/libusartstm32.a(usartx_txdma_init.o)
                0x08001d2c                usartx_txdma_allocatebuffers
                0x08001d9c                usartx_txdma_usart_init
 .text          0x08001dba       0x44 ./../../../../svn_pod/sw_stm32/trunk/lib/libusartstm32/libusartstm32.a(usartx_tx_advlnptr.o)
                0x08001dba                usartx_txmain_advlnptr
                0x08001ddc                usartx_txisr_advlnptr
 *fill*         0x08001dfe        0x2 
 .text          0x08001e00       0x68 ./../../../../svn_pod/sw_stm32/trunk/lib/libusartstm32/libusartstm32.a(USART1_rxdma.o)
                0x08001e00                USART1_rxdma_init
 .text          0x08001e68       0xfc ./../../../../svn_pod/sw_stm32/trunk/lib/libusartstm32/libusartstm32.a(usartx_rxint_init.o)
                0x08001e68                usartx_rxint_allocatebuffers
                0x08001ec4                usartx_rxint_usart_init
                0x08001eda                usartx_rxint_rxmainadvptr
                0x08001f02                usartx_rxint_rxisrptradv2
                0x08001f24                usartx_rxint_rxisrptradv
 .text          0x08001f64       0x1c ./../../../../svn_pod/sw_stm32/trunk/lib/libusartstm32/libusartstm32.a(usartx_txint_send.o)
                0x08001f64                usartx_txint_send
 .text          0x08001f80       0x70 ./../../../../svn_pod/sw_stm32/trunk/lib/libusartstm32/libusartstm32.a(usartx_txint_init.o)
                0x08001f80                usartx_txint_allocatebuffers
                0x08001fda                usartx_txint_usart_init
 .text          0x08001ff0       0x24 ./../../../../svn_pod/sw_stm32/trunk/lib/libusartstm32/libusartstm32.a(mymalloc.o)
                0x08001ff0                mymalloc
 .text          0x08002014       0x48 ./../../../../svn_pod/sw_stm32/trunk/lib/libusartstm32/libusartstm32.a(usartx_setbaud.o)
                0x08002014                usartx_setbaud
 .text          0x0800205c       0x16 ./../../../../svn_pod/sw_stm32/trunk/lib/libusartstm32/libusartstm32.a(usartx_txmin_init.o)
                0x0800205c                usartx_txmin_init
 .text          0x08002072       0x6e ./../../../../svn_pod/sw_stm32/trunk/lib/libusartstm32/libusartstm32.a(usartx_rxdma_init.o)
                0x08002072                usartx_rxdma_allocatebuffers
                0x080020c2                usartx_rxdma_usart_init
 .text          0x080020e0       0x28 ./../../../sw_f103/trunk/lib/libsensormisc/libsensormisc.a(crc-32.o)
                0x080020e0                rc_crc32
 .text          0x08002108       0x4c ./../../../sw_f103/trunk/lib/libsensormisc/libsensormisc.a(can_nxp_setRS.o)
                0x08002108                can_nxp_setRS
 .text          0x08002154       0x5c ./../../../sw_f103/trunk/lib/libsensormisc/libsensormisc.a(canwinch_setup_F103_pod.o)
                0x08002154                canwinch_setup_F103_pod_clocks
                0x0800215c                canwinch_setup_F103_pod
 .text          0x080021b0       0x98 ./../../../sw_f103/trunk/lib/libsensormisc/libsensormisc.a(panic_leds_pod.o)
                0x080021c6                panic_leds_pod
 .text          0x08002248      0x250 ./../../../sw_f103/trunk/lib/libdevicestm32/libdevicestm32.a(flash_write.o)
                0x08002248                flash_write_ram
                0x0800229c                flash_unlock
                0x080022b8                flash_unlock2
                0x080022d4                flash_write
                0x080023bc                flash_erase
 .text          0x08002498       0x4c ./../../../sw_f103/trunk/lib/libdevicestm32/libdevicestm32.a(SENSORpinconfig.o)
                0x08002498                SENSORgpiopins_Config
                0x080024c0                configure_pin
 .text          0x080024e4       0x88 ./../../../../svn_pod/sw_stm32/trunk/devices/libdevicesstm32.a(pinconfig_all.o)
                0x080024e4                pinconfig_all
 .text          0x0800256c      0x1f0 ./../../../../svn_pod/sw_stm32/trunk/devices/libdevicesstm32.a(PODpinconfig.o)
                0x0800256c                PODgpiopins_Config
                0x08002668                PODgpiopins_default
                0x080026d8                PA0_reconfig
                0x080026f8                configure_pin_pod
                0x0800271c                configure_pin_in_pd
 .text          0x0800275c      0x9f4 ./../../../../svn_common/trunk/f103/libcommon_allf103.a(can_driver.o)
                0x08002970                can_driver_init
                0x08002c14                can_driver_enable_interrupts
                0x08002c44                can_driver_toss0
                0x08002c48                can_driver_toss1
                0x08002c4c                can_driver_peek0
                0x08002c5c                can_driver_peek1
                0x08002c7c                can_driver_put
                0x08002e20                can_driver_getcount
                0x08002e60                CAN_TX_IRQHandler
                0x08003000                CAN_RX_IRQHandler
                0x080030e8                CAN1_TX_IRQHandler
                0x080030f4                CAN2_TX_IRQHandler
                0x08003100                CAN1_RX0_IRQHandler
                0x08003114                CAN1_RX1_IRQHandler
                0x08003128                CAN2_RX0_IRQHandler
                0x0800313c                CAN2_RX1_IRQHandler
 .text          0x08003150       0xd8 ./../../../../svn_common/trunk/f103/libcommon_allf103.a(can_driver_port.o)
                0x08003150                can_driver_port
 .text          0x08003228      0x3b0 ./../../../../svn_common/trunk/f103/libcommon_allf103.a(can_driver_filter.o)
                0x08003228                can_driver_filter_deactivate_one
                0x08003278                can_driver_filter_deactivate_all
                0x080032ac                can_driver_filter_setCAN2boundary
                0x08003300                can_driver_filter_insert
                0x08003428                can_driver_filter_add_one_32b_id
                0x080034e8                can_driver_filter_add_two_32b_id
                0x08003528                can_driver_filter_add_param_tbl
                0x08003558                can_driver_filter_setbanknum
                0x08003578                can_driver_filter_getbanknum
                0x0800359c                can_driver_hw_filter_list
 .text          0x080035d8       0x50 ./../../../../svn_common/trunk/f103/libcommon_allf103.a(can_msg_reset.o)
                0x08003614                can_msg_reset_init
 .text          0x08003628        0x0 /home/deh/launchpad/gcc-arm-none-eabi-5_4-2016q3/arm-none-eabi/lib/armv7-m/libc.a(lib_a-calloc.o)
 .text.calloc   0x08003628       0x10 /home/deh/launchpad/gcc-arm-none-eabi-5_4-2016q3/arm-none-eabi/lib/armv7-m/libc.a(lib_a-calloc.o)
                0x08003628                calloc
 .text          0x08003638        0x0 /home/deh/launchpad/gcc-arm-none-eabi-5_4-2016q3/arm-none-eabi/lib/armv7-m/libc.a(lib_a-callocr.o)
 .text._calloc_r
                0x08003638       0x60 /home/deh/launchpad/gcc-arm-none-eabi-5_4-2016q3/arm-none-eabi/lib/armv7-m/libc.a(lib_a-callocr.o)
                0x08003638                _calloc_r
 .text          0x08003698        0x0 /home/deh/launchpad/gcc-arm-none-eabi-5_4-2016q3/arm-none-eabi/lib/armv7-m/libc.a(lib_a-memset.o)
 .text.memset   0x08003698       0x9c /home/deh/launchpad/gcc-arm-none-eabi-5_4-2016q3/arm-none-eabi/lib/armv7-m/libc.a(lib_a-memset.o)
                0x08003698                memset
 *(.plt)
 *(.gnu.warning)
 *(.glue_7t)
 .glue_7t       0x08003734        0x0 linker stubs
 *(.glue_7)
 .glue_7        0x08003734        0x0 linker stubs
 *(.vfp11_veneer)
 .vfp11_veneer  0x08003734        0x0 linker stubs
 *(.ARM.extab* .gnu.linkonce.armextab.*)
 *(.gcc_except_table)
 *(.v4_bx)
 .v4_bx         0x08003734        0x0 linker stubs
 *(.rodata.str1.*)
 .rodata.str1.1
                0x08003734      0x1fc ldr.o
 .rodata.str1.1
                0x08003930        0x6 newlib_support.o
 .rodata.str1.1
                0x08003936      0x31b canwinch_ldrproto.o
                                0x31e (size before relaxing)
 *(.rodata)
 *fill*         0x08003c51        0x7 
 .rodata        0x08003c58       0x20 ldr.o
                0x08003c58                msginit
                0x08003c68                can_ldr_ready
 .rodata        0x08003c78       0x10 canwinch_ldrproto.o
                0x08003c78                table
 .rodata        0x08003c88       0x30 ./../../../../svn_pod/sw_stm32/trunk/lib/libmiscstm32/libmiscstm32.a(clockspecifysetup.o)
                0x08003c88                pllmulxtbl
                0x08003c98                ahbtbl
 .rodata        0x08003cb8      0x400 ./../../../sw_f103/trunk/lib/libsensormisc/libsensormisc.a(crc-32.o)
                0x08003cb8                crctable
 .rodata        0x080040b8       0x4c ./../../../sw_f103/trunk/lib/libsensormisc/libsensormisc.a(canwinch_setup_F103_pod.o)
                0x080040b8                clocks
 .rodata        0x08004104       0x18 ./../../../sw_f103/trunk/lib/libdevicestm32/libdevicestm32.a(SENSORpinconfig.o)
                0x08004104                led21green
                0x0800410c                led20red
                0x08004114                led19red
 .rodata        0x0800411c       0x30 ./../../../../svn_common/trunk/f103/libcommon_allf103.a(can_driver.o)
 .rodata        0x0800414c       0x30 ./../../../../svn_common/trunk/f103/libcommon_allf103.a(can_driver_port.o)
 .rodata        0x0800417c        0xc ./../../../../svn_common/trunk/f103/libcommon_allf103.a(can_driver_filter.o)
                0x08004188                . = ALIGN (0x4)

.rodata._global_impure_ptr
                0x08004188        0x4
 .rodata._global_impure_ptr
                0x08004188        0x4 /home/deh/launchpad/gcc-arm-none-eabi-5_4-2016q3/arm-none-eabi/lib/armv7-m/libc.a(lib_a-impure.o)
                0x08004188                _global_impure_ptr

.iplt           0x0800418c        0x0
 .iplt          0x0800418c        0x0 vector.o

.rel.dyn        0x0800418c        0x0
 .rel.iplt      0x0800418c        0x0 vector.o

.flashh         0x0807f800        0x0
                0x0807f800                __highflashlayout = .
 *(.appparam)
                0x0807f800                . = ALIGN (0x4)

.ARM.exidx      0x0800418c        0x0
                0x0800418c                __exidx_start = .
 *(.ARM.exidx* .gnu.linkonce.armexidx.*)
                0x0800418c                __exidx_end = .
                0x0800418c                __data_image = .
                [!provide]                PROVIDE (__data_image, .)

.data           0x20000000      0x84c load address 0x0800418c
                0x20000000                __data_section_start = .
                0x20000000                _sdata = .
                [!provide]                PROVIDE (__data_section_start, .)
 *(.cs3.region-head.ram)
 *(.jcr)
 *(.got.plt)
 *(.got)
 *(.shdata)
 *(.data .data.* .gnu.linkonce.d.*)
 .data          0x20000000        0x0 vector.o
 .data          0x20000000        0x0 ldr.o
 .data          0x20000000        0x4 newlib_support.o
                0x20000000                environ
 .data          0x20000004        0x4 canwinch_ldrproto.o
                0x20000004                flashblocksize
 .data          0x20000008        0x0 /home/deh/launchpad/gcc-arm-none-eabi-5_4-2016q3/arm-none-eabi/lib/armv7-m/libc.a(lib_a-reent.o)
 .data          0x20000008        0x0 /home/deh/launchpad/gcc-arm-none-eabi-5_4-2016q3/arm-none-eabi/lib/armv7-m/libc.a(lib_a-freer.o)
 .data          0x20000008        0x0 /home/deh/launchpad/gcc-arm-none-eabi-5_4-2016q3/arm-none-eabi/lib/armv7-m/libc.a(lib_a-impure.o)
 .data.impure_data
                0x20000008      0x428 /home/deh/launchpad/gcc-arm-none-eabi-5_4-2016q3/arm-none-eabi/lib/armv7-m/libc.a(lib_a-impure.o)
 .data._impure_ptr
                0x20000430        0x4 /home/deh/launchpad/gcc-arm-none-eabi-5_4-2016q3/arm-none-eabi/lib/armv7-m/libc.a(lib_a-impure.o)
                0x20000430                _impure_ptr
 .data          0x20000434        0x0 /home/deh/launchpad/gcc-arm-none-eabi-5_4-2016q3/arm-none-eabi/lib/armv7-m/libc.a(lib_a-mallocr.o)
 .data.__malloc_av_
                0x20000434      0x408 /home/deh/launchpad/gcc-arm-none-eabi-5_4-2016q3/arm-none-eabi/lib/armv7-m/libc.a(lib_a-mallocr.o)
                0x20000434                __malloc_av_
 .data.__malloc_trim_threshold
                0x2000083c        0x4 /home/deh/launchpad/gcc-arm-none-eabi-5_4-2016q3/arm-none-eabi/lib/armv7-m/libc.a(lib_a-mallocr.o)
                0x2000083c                __malloc_trim_threshold
 .data.__malloc_sbrk_base
                0x20000840        0x4 /home/deh/launchpad/gcc-arm-none-eabi-5_4-2016q3/arm-none-eabi/lib/armv7-m/libc.a(lib_a-mallocr.o)
                0x20000840                __malloc_sbrk_base
 .data          0x20000844        0x0 /home/deh/launchpad/gcc-arm-none-eabi-5_4-2016q3/arm-none-eabi/lib/armv7-m/libc.a(lib_a-mlock.o)
 .data          0x20000844        0x0 /home/deh/launchpad/gcc-arm-none-eabi-5_4-2016q3/arm-none-eabi/lib/armv7-m/libc.a(lib_a-sbrkr.o)
 .data          0x20000844        0x0 ./../../../../svn_pod/sw_stm32/trunk/lib/libmiscstm32/libmiscstm32.a(busfreq.o)
 .data          0x20000844        0x0 ./../../../../svn_pod/sw_stm32/trunk/lib/libmiscstm32/libmiscstm32.a(clockspecifysetup.o)
 .data          0x20000844        0x0 ./../../../../svn_pod/sw_stm32/trunk/lib/libmiscstm32/libmiscstm32.a(DTW_counter.o)
 .data          0x20000844        0x0 ./../../../../svn_pod/sw_stm32/trunk/lib/libmiscstm32/libmiscstm32.a(printf.o)
 .data          0x20000844        0x0 ./../../../../svn_pod/sw_stm32/trunk/lib/libmiscstm32/libmiscstm32.a(startup_deh.o)
 .data          0x20000844        0x0 ./../../../../svn_pod/sw_stm32/trunk/lib/libusartstm32/libusartstm32.a(USART1_rxinttxint.o)
 .data          0x20000844        0x0 ./../../../../svn_pod/sw_stm32/trunk/lib/libusartstm32/libusartstm32.a(USART1_txint_putc.o)
 .data          0x20000844        0x0 ./../../../../svn_pod/sw_stm32/trunk/lib/libusartstm32/libusartstm32.a(USART1_txint_puts.o)
 .data          0x20000844        0x0 ./../../../../svn_pod/sw_stm32/trunk/lib/libusartstm32/libusartstm32.a(USART1_txint_send.o)
 .data          0x20000844        0x0 ./../../../../svn_pod/sw_stm32/trunk/lib/libusartstm32/libusartstm32.a(USART1_txint_busy.o)
 .data          0x20000844        0x0 ./../../../../svn_pod/sw_stm32/trunk/lib/libusartstm32/libusartstm32.a(usartx_putsS.o)
 .data          0x20000844        0x0 ./../../../../svn_pod/sw_stm32/trunk/lib/libusartstm32/libusartstm32.a(USART1_txmin.o)
 .data          0x20000844        0x0 ./../../../../svn_pod/sw_stm32/trunk/lib/libusartstm32/libusartstm32.a(usartx_txdma_init.o)
 .data          0x20000844        0x0 ./../../../../svn_pod/sw_stm32/trunk/lib/libusartstm32/libusartstm32.a(usartx_tx_advlnptr.o)
 .data          0x20000844        0x0 ./../../../../svn_pod/sw_stm32/trunk/lib/libusartstm32/libusartstm32.a(USART1_rxdma.o)
 .data          0x20000844        0x0 ./../../../../svn_pod/sw_stm32/trunk/lib/libusartstm32/libusartstm32.a(usartx_rxint_init.o)
 .data          0x20000844        0x0 ./../../../../svn_pod/sw_stm32/trunk/lib/libusartstm32/libusartstm32.a(usartx_txint_send.o)
 .data          0x20000844        0x0 ./../../../../svn_pod/sw_stm32/trunk/lib/libusartstm32/libusartstm32.a(usartx_txint_init.o)
 .data          0x20000844        0x4 ./../../../../svn_pod/sw_stm32/trunk/lib/libusartstm32/libusartstm32.a(mymalloc.o)
                0x20000844                myheap
 .data          0x20000848        0x0 ./../../../../svn_pod/sw_stm32/trunk/lib/libusartstm32/libusartstm32.a(usartx_setbaud.o)
 .data          0x20000848        0x0 ./../../../../svn_pod/sw_stm32/trunk/lib/libusartstm32/libusartstm32.a(usartx_txmin_init.o)
 .data          0x20000848        0x0 ./../../../../svn_pod/sw_stm32/trunk/lib/libusartstm32/libusartstm32.a(usartx_rxdma_init.o)
 .data          0x20000848        0x0 ./../../../sw_f103/trunk/lib/libsensormisc/libsensormisc.a(crc-32.o)
 .data          0x20000848        0x0 ./../../../sw_f103/trunk/lib/libsensormisc/libsensormisc.a(can_nxp_setRS.o)
 .data          0x20000848        0x0 ./../../../sw_f103/trunk/lib/libsensormisc/libsensormisc.a(canwinch_setup_F103_pod.o)
 .data          0x20000848        0x0 ./../../../sw_f103/trunk/lib/libsensormisc/libsensormisc.a(panic_leds_pod.o)
 .data          0x20000848        0x0 ./../../../sw_f103/trunk/lib/libdevicestm32/libdevicestm32.a(flash_write.o)
 .data          0x20000848        0x0 ./../../../sw_f103/trunk/lib/libdevicestm32/libdevicestm32.a(SENSORpinconfig.o)
 .data          0x20000848        0x0 ./../../../../svn_pod/sw_stm32/trunk/devices/libdevicesstm32.a(pinconfig_all.o)
 .data          0x20000848        0x0 ./../../../../svn_pod/sw_stm32/trunk/devices/libdevicesstm32.a(PODpinconfig.o)
 .data          0x20000848        0x0 ./../../../../svn_common/trunk/f103/libcommon_allf103.a(can_driver.o)
 .data          0x20000848        0x0 ./../../../../svn_common/trunk/f103/libcommon_allf103.a(can_driver_port.o)
 .data          0x20000848        0x4 ./../../../../svn_common/trunk/f103/libcommon_allf103.a(can_driver_filter.o)
 .data          0x2000084c        0x0 ./../../../../svn_common/trunk/f103/libcommon_allf103.a(can_msg_reset.o)
 .data          0x2000084c        0x0 /home/deh/launchpad/gcc-arm-none-eabi-5_4-2016q3/arm-none-eabi/lib/armv7-m/libc.a(lib_a-calloc.o)
 .data          0x2000084c        0x0 /home/deh/launchpad/gcc-arm-none-eabi-5_4-2016q3/arm-none-eabi/lib/armv7-m/libc.a(lib_a-callocr.o)
 .data          0x2000084c        0x0 /home/deh/launchpad/gcc-arm-none-eabi-5_4-2016q3/arm-none-eabi/lib/armv7-m/libc.a(lib_a-memset.o)
                0x2000084c                _edata = .
                0x2000084c                __data_image_end = .
                [!provide]                PROVIDE (__data_image_end, .)
                0x2000084c                _end_data = .
                0x2000084c                . = ALIGN (0x4)

.igot.plt       0x2000084c        0x0 load address 0x080049d8
 .igot.plt      0x2000084c        0x0 vector.o

.ram            0x20000850     0x19dc load address 0x080049d8
                0x20000850                PROVIDE (_start_of_bss, .)
                0x20000850                _sbss = .
 *(.bss)
 .bss           0x20000850        0x0 vector.o
 .bss           0x20000850        0x4 ldr.o
                0x20000850                pctl1
 .bss           0x20000854        0x8 newlib_support.o
                0x20000858                __env
 *fill*         0x2000085c        0x4 
 .bss           0x20000860      0x874 canwinch_ldrproto.o
                0x20000860                padd
                0x20001090                flash_hi
                0x200010b8                sw_padd
                0x200010bc                err_novalidadd
                0x200010c0                ldr_phase
                0x200010c4                padd_start
                0x200010c8                err_bogus_cmds_cmds
                0x200010cc                sw_flash1sttime
                0x200010d0                err_bogus_cmds
 .bss           0x200010d4        0x0 /home/deh/launchpad/gcc-arm-none-eabi-5_4-2016q3/arm-none-eabi/lib/armv7-m/libc.a(lib_a-reent.o)
 .bss           0x200010d4        0x0 /home/deh/launchpad/gcc-arm-none-eabi-5_4-2016q3/arm-none-eabi/lib/armv7-m/libc.a(lib_a-freer.o)
 .bss           0x200010d4        0x0 /home/deh/launchpad/gcc-arm-none-eabi-5_4-2016q3/arm-none-eabi/lib/armv7-m/libc.a(lib_a-impure.o)
 .bss           0x200010d4        0x0 /home/deh/launchpad/gcc-arm-none-eabi-5_4-2016q3/arm-none-eabi/lib/armv7-m/libc.a(lib_a-mallocr.o)
 .bss           0x200010d4        0x0 /home/deh/launchpad/gcc-arm-none-eabi-5_4-2016q3/arm-none-eabi/lib/armv7-m/libc.a(lib_a-mlock.o)
 .bss           0x200010d4        0x0 /home/deh/launchpad/gcc-arm-none-eabi-5_4-2016q3/arm-none-eabi/lib/armv7-m/libc.a(lib_a-sbrkr.o)
 .bss           0x200010d4       0x10 ./../../../../svn_pod/sw_stm32/trunk/lib/libmiscstm32/libmiscstm32.a(busfreq.o)
                0x200010d4                sysclk_freq
                0x200010d8                pclk2_freq
                0x200010dc                pclk1_freq
                0x200010e0                hclk_freq
 .bss           0x200010e4        0x8 ./../../../../svn_pod/sw_stm32/trunk/lib/libmiscstm32/libmiscstm32.a(clockspecifysetup.o)
                0x200010e4                pdev2
                0x200010e6                pdev1
                0x200010e8                pmul2
                0x200010ea                pmul1
 .bss           0x200010ec        0x0 ./../../../../svn_pod/sw_stm32/trunk/lib/libmiscstm32/libmiscstm32.a(DTW_counter.o)
 .bss           0x200010ec        0x8 ./../../../../svn_pod/sw_stm32/trunk/lib/libmiscstm32/libmiscstm32.a(printf.o)
 .bss           0x200010f4        0x0 ./../../../../svn_pod/sw_stm32/trunk/lib/libmiscstm32/libmiscstm32.a(startup_deh.o)
 .bss           0x200010f4        0x0 ./../../../../svn_pod/sw_stm32/trunk/lib/libusartstm32/libusartstm32.a(USART1_rxinttxint.o)
 .bss           0x200010f4        0x0 ./../../../../svn_pod/sw_stm32/trunk/lib/libusartstm32/libusartstm32.a(USART1_txint_putc.o)
 .bss           0x200010f4        0x0 ./../../../../svn_pod/sw_stm32/trunk/lib/libusartstm32/libusartstm32.a(USART1_txint_puts.o)
 .bss           0x200010f4        0x0 ./../../../../svn_pod/sw_stm32/trunk/lib/libusartstm32/libusartstm32.a(USART1_txint_send.o)
 .bss           0x200010f4        0x0 ./../../../../svn_pod/sw_stm32/trunk/lib/libusartstm32/libusartstm32.a(USART1_txint_busy.o)
 .bss           0x200010f4        0x0 ./../../../../svn_pod/sw_stm32/trunk/lib/libusartstm32/libusartstm32.a(usartx_putsS.o)
 .bss           0x200010f4        0x4 ./../../../../svn_pod/sw_stm32/trunk/lib/libusartstm32/libusartstm32.a(USART1_txmin.o)
                0x200010f4                pUSARTcbt1
 .bss           0x200010f8        0x0 ./../../../../svn_pod/sw_stm32/trunk/lib/libusartstm32/libusartstm32.a(usartx_txdma_init.o)
 .bss           0x200010f8        0x0 ./../../../../svn_pod/sw_stm32/trunk/lib/libusartstm32/libusartstm32.a(usartx_tx_advlnptr.o)
 .bss           0x200010f8        0x4 ./../../../../svn_pod/sw_stm32/trunk/lib/libusartstm32/libusartstm32.a(USART1_rxdma.o)
                0x200010f8                pUSARTcbr1
 .bss           0x200010fc        0x0 ./../../../../svn_pod/sw_stm32/trunk/lib/libusartstm32/libusartstm32.a(usartx_rxint_init.o)
 .bss           0x200010fc        0x0 ./../../../../svn_pod/sw_stm32/trunk/lib/libusartstm32/libusartstm32.a(usartx_txint_send.o)
 .bss           0x200010fc        0x0 ./../../../../svn_pod/sw_stm32/trunk/lib/libusartstm32/libusartstm32.a(usartx_txint_init.o)
 .bss           0x200010fc      0x800 ./../../../../svn_pod/sw_stm32/trunk/lib/libusartstm32/libusartstm32.a(mymalloc.o)
                0x200010fc                myheapblock
 .bss           0x200018fc        0x0 ./../../../../svn_pod/sw_stm32/trunk/lib/libusartstm32/libusartstm32.a(usartx_setbaud.o)
 .bss           0x200018fc        0x0 ./../../../../svn_pod/sw_stm32/trunk/lib/libusartstm32/libusartstm32.a(usartx_txmin_init.o)
 .bss           0x200018fc        0x0 ./../../../../svn_pod/sw_stm32/trunk/lib/libusartstm32/libusartstm32.a(usartx_rxdma_init.o)
 .bss           0x200018fc        0x0 ./../../../sw_f103/trunk/lib/libsensormisc/libsensormisc.a(crc-32.o)
 .bss           0x200018fc        0x0 ./../../../sw_f103/trunk/lib/libsensormisc/libsensormisc.a(can_nxp_setRS.o)
 .bss           0x200018fc        0x0 ./../../../sw_f103/trunk/lib/libsensormisc/libsensormisc.a(canwinch_setup_F103_pod.o)
 .bss           0x200018fc        0x0 ./../../../sw_f103/trunk/lib/libsensormisc/libsensormisc.a(panic_leds_pod.o)
 .bss           0x200018fc        0x4 ./../../../sw_f103/trunk/lib/libdevicestm32/libdevicestm32.a(flash_write.o)
                0x200018fc                flash_err
 .bss           0x20001900        0x0 ./../../../sw_f103/trunk/lib/libdevicestm32/libdevicestm32.a(SENSORpinconfig.o)
 .bss           0x20001900        0x0 ./../../../../svn_pod/sw_stm32/trunk/devices/libdevicesstm32.a(pinconfig_all.o)
 .bss           0x20001900        0x0 ./../../../../svn_pod/sw_stm32/trunk/devices/libdevicesstm32.a(PODpinconfig.o)
 .bss           0x20001900      0x8e4 ./../../../../svn_common/trunk/f103/libcommon_allf103.a(can_driver.o)
                0x20001908                friict
                0x2000190c                debugB
                0x20001910                debugC
                0x20001918                frii
                0x20001938                dbugxidx
                0x2000193c                dbugx
                0x2000213c                dbugabort
                0x200021bc                arbqctr
                0x200021c0                updn
                0x200021c4                buffct
                0x200021c8                pcan_errors
                0x200021cc                debugA
                0x200021d0                debugT1
                0x200021d4                debugD
                0x200021d8                debugT2
                0x200021dc                debugT3
                0x200021e0                abortflag
 .bss           0x200021e4        0x0 ./../../../../svn_common/trunk/f103/libcommon_allf103.a(can_driver_port.o)
 .bss           0x200021e4        0x8 ./../../../../svn_common/trunk/f103/libcommon_allf103.a(can_driver_filter.o)
 .bss           0x200021ec        0x8 ./../../../../svn_common/trunk/f103/libcommon_allf103.a(can_msg_reset.o)
                0x200021f0                can_msg_reset_ptr
 .bss           0x200021f4        0x0 /home/deh/launchpad/gcc-arm-none-eabi-5_4-2016q3/arm-none-eabi/lib/armv7-m/libc.a(lib_a-calloc.o)
 .bss           0x200021f4        0x0 /home/deh/launchpad/gcc-arm-none-eabi-5_4-2016q3/arm-none-eabi/lib/armv7-m/libc.a(lib_a-callocr.o)
 .bss           0x200021f4        0x0 /home/deh/launchpad/gcc-arm-none-eabi-5_4-2016q3/arm-none-eabi/lib/armv7-m/libc.a(lib_a-memset.o)
 *(.bss*)
 .bss.__malloc_max_total_mem
                0x200021f4        0x4 /home/deh/launchpad/gcc-arm-none-eabi-5_4-2016q3/arm-none-eabi/lib/armv7-m/libc.a(lib_a-mallocr.o)
                0x200021f4                __malloc_max_total_mem
 .bss.__malloc_max_sbrked_mem
                0x200021f8        0x4 /home/deh/launchpad/gcc-arm-none-eabi-5_4-2016q3/arm-none-eabi/lib/armv7-m/libc.a(lib_a-mallocr.o)
                0x200021f8                __malloc_max_sbrked_mem
 .bss.__malloc_top_pad
                0x200021fc        0x4 /home/deh/launchpad/gcc-arm-none-eabi-5_4-2016q3/arm-none-eabi/lib/armv7-m/libc.a(lib_a-mallocr.o)
                0x200021fc                __malloc_top_pad
 .bss.__malloc_current_mallinfo
                0x20002200       0x28 /home/deh/launchpad/gcc-arm-none-eabi-5_4-2016q3/arm-none-eabi/lib/armv7-m/libc.a(lib_a-mallocr.o)
                0x20002200                __malloc_current_mallinfo
 *(.shbss)
 *(.bss .bss.* .gnu.linkonce.b.*)
 *(COMMON)
 COMMON         0x20002228        0x4 /home/deh/launchpad/gcc-arm-none-eabi-5_4-2016q3/arm-none-eabi/lib/armv7-m/libc.a(lib_a-reent.o)
                0x20002228                errno
                0x2000222c                . = ALIGN (0x4)
 *(.ram.b .bss.ram)
                0x2000222c                . = ALIGN (0x4)
                0x2000222c                _ebss = .
                0x2000222c                _end_of_bss = .
                0x2000222c                _end = .
                0x2000222c                __end = .
                [!provide]                PROVIDE (_end_of_bss, .)
LOAD vector.o
LOAD ldr.o
LOAD newlib_support.o
LOAD canwinch_ldrproto.o
LOAD /home/deh/launchpad/gcc-arm-none-eabi-5_4-2016q3/arm-none-eabi/lib/armv7-m/libm.a
LOAD /home/deh/launchpad/gcc-arm-none-eabi-5_4-2016q3/lib/gcc/arm-none-eabi/5.4.1/armv7-m/libgcc.a
LOAD /home/deh/launchpad/gcc-arm-none-eabi-5_4-2016q3/arm-none-eabi/lib/armv7-m/libc.a
LOAD /home/deh/launchpad/gcc-arm-none-eabi-5_4-2016q3/lib/gcc/arm-none-eabi/5.4.1/armv7-m/libgcc.a
LOAD ./../../../../svn_pod/sw_stm32/trunk/lib/libmiscstm32/libmiscstm32.a
LOAD ./../../../../svn_pod/sw_stm32/trunk/lib/libusartstm32/libusartstm32.a
LOAD ./../../../sw_f103/trunk/lib/libsensormisc/libsensormisc.a
LOAD ./../../../sw_f103/trunk/lib/libdevicestm32/libdevicestm32.a
LOAD ./../../../sw_f103/trunk/lib/libsensormisc/libsensormisc.a
LOAD ./../../../../svn_pod/sw_stm32/trunk/lib/libsupportstm32/libsupportstm32.a
LOAD ./../../../../svn_pod/sw_stm32/trunk/devices/libdevicesstm32.a
LOAD /home/deh/launchpad/gcc-arm-none-eabi-5_4-2016q3/arm-none-eabi/lib/armv7-m/libc.a
LOAD /home/deh/launchpad/gcc-arm-none-eabi-5_4-2016q3/arm-none-eabi/lib/armv7-m/libm.a
LOAD /home/deh/launchpad/gcc-arm-none-eabi-5_4-2016q3/lib/gcc/arm-none-eabi/5.4.1/armv7-m/libgcc.a
LOAD ./../../../../svn_common/trunk/f103/libcommon_allf103.a
LOAD /home/deh/launchpad/gcc-arm-none-eabi-5_4-2016q3/arm-none-eabi/lib/armv7-m/libc.a
LOAD /home/deh/launchpad/gcc-arm-none-eabi-5_4-2016q3/lib/gcc/arm-none-eabi/5.4.1/armv7-m/libgcc.a
LOAD ./../../../sw_f103/trunk/lib/libdevicestm32/libdevicestm32.a
LOAD ./../../../../svn_pod/sw_stm32/trunk/devices/libdevicesstm32.a
OUTPUT(ldr elf32-littlearm)

.debug_info     0x00000000     0x817a
 .debug_info    0x00000000      0x1b0 vector.o
 .debug_info    0x000001b0      0xa9c ldr.o
 .debug_info    0x00000c4c      0x74d newlib_support.o
 .debug_info    0x00001399     0x1424 canwinch_ldrproto.o
 .debug_info    0x000027bd       0x69 ./../../../../svn_pod/sw_stm32/trunk/lib/libmiscstm32/libmiscstm32.a(busfreq.o)
 .debug_info    0x00002826      0x359 ./../../../../svn_pod/sw_stm32/trunk/lib/libmiscstm32/libmiscstm32.a(clockspecifysetup.o)
 .debug_info    0x00002b7f       0x7d ./../../../../svn_pod/sw_stm32/trunk/lib/libmiscstm32/libmiscstm32.a(DTW_counter.o)
 .debug_info    0x00002bfc      0x67c ./../../../../svn_pod/sw_stm32/trunk/lib/libmiscstm32/libmiscstm32.a(printf.o)
 .debug_info    0x00003278       0xb9 ./../../../../svn_pod/sw_stm32/trunk/lib/libmiscstm32/libmiscstm32.a(startup_deh.o)
 .debug_info    0x00003331      0x332 ./../../../../svn_pod/sw_stm32/trunk/lib/libusartstm32/libusartstm32.a(USART1_rxinttxint.o)
 .debug_info    0x00003663      0x193 ./../../../../svn_pod/sw_stm32/trunk/lib/libusartstm32/libusartstm32.a(USART1_txint_putc.o)
 .debug_info    0x000037f6      0x199 ./../../../../svn_pod/sw_stm32/trunk/lib/libusartstm32/libusartstm32.a(USART1_txint_puts.o)
 .debug_info    0x0000398f      0x16c ./../../../../svn_pod/sw_stm32/trunk/lib/libusartstm32/libusartstm32.a(USART1_txint_send.o)
 .debug_info    0x00003afb      0x157 ./../../../../svn_pod/sw_stm32/trunk/lib/libusartstm32/libusartstm32.a(USART1_txint_busy.o)
 .debug_info    0x00003c52      0x1b3 ./../../../../svn_pod/sw_stm32/trunk/lib/libusartstm32/libusartstm32.a(USART1_txmin.o)
 .debug_info    0x00003e05      0x271 ./../../../../svn_pod/sw_stm32/trunk/lib/libusartstm32/libusartstm32.a(usartx_txdma_init.o)
 .debug_info    0x00004076      0x179 ./../../../../svn_pod/sw_stm32/trunk/lib/libusartstm32/libusartstm32.a(usartx_tx_advlnptr.o)
 .debug_info    0x000041ef      0x1fc ./../../../../svn_pod/sw_stm32/trunk/lib/libusartstm32/libusartstm32.a(USART1_rxdma.o)
 .debug_info    0x000043eb      0x2df ./../../../../svn_pod/sw_stm32/trunk/lib/libusartstm32/libusartstm32.a(usartx_rxint_init.o)
 .debug_info    0x000046ca      0x18b ./../../../../svn_pod/sw_stm32/trunk/lib/libusartstm32/libusartstm32.a(usartx_txint_send.o)
 .debug_info    0x00004855      0x264 ./../../../../svn_pod/sw_stm32/trunk/lib/libusartstm32/libusartstm32.a(usartx_txint_init.o)
 .debug_info    0x00004ab9      0x12a ./../../../../svn_pod/sw_stm32/trunk/lib/libusartstm32/libusartstm32.a(mymalloc.o)
 .debug_info    0x00004be3      0x159 ./../../../../svn_pod/sw_stm32/trunk/lib/libusartstm32/libusartstm32.a(usartx_setbaud.o)
 .debug_info    0x00004d3c      0x10b ./../../../../svn_pod/sw_stm32/trunk/lib/libusartstm32/libusartstm32.a(usartx_txmin_init.o)
 .debug_info    0x00004e47      0x256 ./../../../../svn_pod/sw_stm32/trunk/lib/libusartstm32/libusartstm32.a(usartx_rxdma_init.o)
 .debug_info    0x0000509d      0x15a ./../../../sw_f103/trunk/lib/libsensormisc/libsensormisc.a(crc-32.o)
 .debug_info    0x000051f7      0x120 ./../../../sw_f103/trunk/lib/libsensormisc/libsensormisc.a(can_nxp_setRS.o)
 .debug_info    0x00005317      0x972 ./../../../sw_f103/trunk/lib/libsensormisc/libsensormisc.a(canwinch_setup_F103_pod.o)
 .debug_info    0x00005c89      0x1ab ./../../../sw_f103/trunk/lib/libsensormisc/libsensormisc.a(panic_leds_pod.o)
 .debug_info    0x00005e34      0x1d7 ./../../../sw_f103/trunk/lib/libdevicestm32/libdevicestm32.a(flash_write.o)
 .debug_info    0x0000600b      0x22d ./../../../sw_f103/trunk/lib/libdevicestm32/libdevicestm32.a(SENSORpinconfig.o)
 .debug_info    0x00006238      0x1bb ./../../../../svn_pod/sw_stm32/trunk/devices/libdevicesstm32.a(pinconfig_all.o)
 .debug_info    0x000063f3      0x16d ./../../../../svn_pod/sw_stm32/trunk/devices/libdevicesstm32.a(PODpinconfig.o)
 .debug_info    0x00006560      0xfef ./../../../../svn_common/trunk/f103/libcommon_allf103.a(can_driver.o)
 .debug_info    0x0000754f      0x286 ./../../../../svn_common/trunk/f103/libcommon_allf103.a(can_driver_port.o)
 .debug_info    0x000077d5      0x454 ./../../../../svn_common/trunk/f103/libcommon_allf103.a(can_driver_filter.o)
 .debug_info    0x00007c29      0x551 ./../../../../svn_common/trunk/f103/libcommon_allf103.a(can_msg_reset.o)

.debug_abbrev   0x00000000     0x2c19
 .debug_abbrev  0x00000000       0xdb vector.o
 .debug_abbrev  0x000000db      0x274 ldr.o
 .debug_abbrev  0x0000034f      0x210 newlib_support.o
 .debug_abbrev  0x0000055f      0x49e canwinch_ldrproto.o
 .debug_abbrev  0x000009fd       0x2c ./../../../../svn_pod/sw_stm32/trunk/lib/libmiscstm32/libmiscstm32.a(busfreq.o)
 .debug_abbrev  0x00000a29      0x154 ./../../../../svn_pod/sw_stm32/trunk/lib/libmiscstm32/libmiscstm32.a(clockspecifysetup.o)
 .debug_abbrev  0x00000b7d       0x42 ./../../../../svn_pod/sw_stm32/trunk/lib/libmiscstm32/libmiscstm32.a(DTW_counter.o)
 .debug_abbrev  0x00000bbf      0x25a ./../../../../svn_pod/sw_stm32/trunk/lib/libmiscstm32/libmiscstm32.a(printf.o)
 .debug_abbrev  0x00000e19       0x8e ./../../../../svn_pod/sw_stm32/trunk/lib/libmiscstm32/libmiscstm32.a(startup_deh.o)
 .debug_abbrev  0x00000ea7      0x110 ./../../../../svn_pod/sw_stm32/trunk/lib/libusartstm32/libusartstm32.a(USART1_rxinttxint.o)
 .debug_abbrev  0x00000fb7       0xc3 ./../../../../svn_pod/sw_stm32/trunk/lib/libusartstm32/libusartstm32.a(USART1_txint_putc.o)
 .debug_abbrev  0x0000107a       0xeb ./../../../../svn_pod/sw_stm32/trunk/lib/libusartstm32/libusartstm32.a(USART1_txint_puts.o)
 .debug_abbrev  0x00001165       0xb2 ./../../../../svn_pod/sw_stm32/trunk/lib/libusartstm32/libusartstm32.a(USART1_txint_send.o)
 .debug_abbrev  0x00001217       0x96 ./../../../../svn_pod/sw_stm32/trunk/lib/libusartstm32/libusartstm32.a(USART1_txint_busy.o)
 .debug_abbrev  0x000012ad       0xd0 ./../../../../svn_pod/sw_stm32/trunk/lib/libusartstm32/libusartstm32.a(USART1_txmin.o)
 .debug_abbrev  0x0000137d      0x103 ./../../../../svn_pod/sw_stm32/trunk/lib/libusartstm32/libusartstm32.a(usartx_txdma_init.o)
 .debug_abbrev  0x00001480       0xac ./../../../../svn_pod/sw_stm32/trunk/lib/libusartstm32/libusartstm32.a(usartx_tx_advlnptr.o)
 .debug_abbrev  0x0000152c       0xeb ./../../../../svn_pod/sw_stm32/trunk/lib/libusartstm32/libusartstm32.a(USART1_rxdma.o)
 .debug_abbrev  0x00001617      0x120 ./../../../../svn_pod/sw_stm32/trunk/lib/libusartstm32/libusartstm32.a(usartx_rxint_init.o)
 .debug_abbrev  0x00001737       0xcd ./../../../../svn_pod/sw_stm32/trunk/lib/libusartstm32/libusartstm32.a(usartx_txint_send.o)
 .debug_abbrev  0x00001804      0x103 ./../../../../svn_pod/sw_stm32/trunk/lib/libusartstm32/libusartstm32.a(usartx_txint_init.o)
 .debug_abbrev  0x00001907       0xb1 ./../../../../svn_pod/sw_stm32/trunk/lib/libusartstm32/libusartstm32.a(mymalloc.o)
 .debug_abbrev  0x000019b8       0x9c ./../../../../svn_pod/sw_stm32/trunk/lib/libusartstm32/libusartstm32.a(usartx_setbaud.o)
 .debug_abbrev  0x00001a54       0x95 ./../../../../svn_pod/sw_stm32/trunk/lib/libusartstm32/libusartstm32.a(usartx_txmin_init.o)
 .debug_abbrev  0x00001ae9      0x103 ./../../../../svn_pod/sw_stm32/trunk/lib/libusartstm32/libusartstm32.a(usartx_rxdma_init.o)
 .debug_abbrev  0x00001bec       0xcf ./../../../sw_f103/trunk/lib/libsensormisc/libsensormisc.a(crc-32.o)
 .debug_abbrev  0x00001cbb       0xb1 ./../../../sw_f103/trunk/lib/libsensormisc/libsensormisc.a(can_nxp_setRS.o)
 .debug_abbrev  0x00001d6c      0x24c ./../../../sw_f103/trunk/lib/libsensormisc/libsensormisc.a(canwinch_setup_F103_pod.o)
 .debug_abbrev  0x00001fb8      0x116 ./../../../sw_f103/trunk/lib/libsensormisc/libsensormisc.a(panic_leds_pod.o)
 .debug_abbrev  0x000020ce       0xbd ./../../../sw_f103/trunk/lib/libdevicestm32/libdevicestm32.a(flash_write.o)
 .debug_abbrev  0x0000218b      0x13c ./../../../sw_f103/trunk/lib/libdevicestm32/libdevicestm32.a(SENSORpinconfig.o)
 .debug_abbrev  0x000022c7       0xf3 ./../../../../svn_pod/sw_stm32/trunk/devices/libdevicesstm32.a(pinconfig_all.o)
 .debug_abbrev  0x000023ba       0xbc ./../../../../svn_pod/sw_stm32/trunk/devices/libdevicesstm32.a(PODpinconfig.o)
 .debug_abbrev  0x00002476      0x32b ./../../../../svn_common/trunk/f103/libcommon_allf103.a(can_driver.o)
 .debug_abbrev  0x000027a1      0x120 ./../../../../svn_common/trunk/f103/libcommon_allf103.a(can_driver_port.o)
 .debug_abbrev  0x000028c1      0x1cb ./../../../../svn_common/trunk/f103/libcommon_allf103.a(can_driver_filter.o)
 .debug_abbrev  0x00002a8c      0x18d ./../../../../svn_common/trunk/f103/libcommon_allf103.a(can_msg_reset.o)

.debug_aranges  0x00000000      0x4a8
 .debug_aranges
                0x00000000       0x20 vector.o
 .debug_aranges
                0x00000020       0x30 ldr.o
 .debug_aranges
                0x00000050       0x20 newlib_support.o
 .debug_aranges
                0x00000070       0x20 canwinch_ldrproto.o
 .debug_aranges
                0x00000090       0x18 ./../../../../svn_pod/sw_stm32/trunk/lib/libmiscstm32/libmiscstm32.a(busfreq.o)
 .debug_aranges
                0x000000a8       0x20 ./../../../../svn_pod/sw_stm32/trunk/lib/libmiscstm32/libmiscstm32.a(clockspecifysetup.o)
 .debug_aranges
                0x000000c8       0x20 ./../../../../svn_pod/sw_stm32/trunk/lib/libmiscstm32/libmiscstm32.a(DTW_counter.o)
 .debug_aranges
                0x000000e8       0x20 ./../../../../svn_pod/sw_stm32/trunk/lib/libmiscstm32/libmiscstm32.a(printf.o)
 .debug_aranges
                0x00000108       0x20 ./../../../../svn_pod/sw_stm32/trunk/lib/libmiscstm32/libmiscstm32.a(startup_deh.o)
 .debug_aranges
                0x00000128       0x20 ./../../../../svn_pod/sw_stm32/trunk/lib/libusartstm32/libusartstm32.a(USART1_rxinttxint.o)
 .debug_aranges
                0x00000148       0x20 ./../../../../svn_pod/sw_stm32/trunk/lib/libusartstm32/libusartstm32.a(USART1_txint_putc.o)
 .debug_aranges
                0x00000168       0x20 ./../../../../svn_pod/sw_stm32/trunk/lib/libusartstm32/libusartstm32.a(USART1_txint_puts.o)
 .debug_aranges
                0x00000188       0x20 ./../../../../svn_pod/sw_stm32/trunk/lib/libusartstm32/libusartstm32.a(USART1_txint_send.o)
 .debug_aranges
                0x000001a8       0x20 ./../../../../svn_pod/sw_stm32/trunk/lib/libusartstm32/libusartstm32.a(USART1_txint_busy.o)
 .debug_aranges
                0x000001c8       0x20 ./../../../../svn_pod/sw_stm32/trunk/lib/libusartstm32/libusartstm32.a(USART1_txmin.o)
 .debug_aranges
                0x000001e8       0x20 ./../../../../svn_pod/sw_stm32/trunk/lib/libusartstm32/libusartstm32.a(usartx_txdma_init.o)
 .debug_aranges
                0x00000208       0x20 ./../../../../svn_pod/sw_stm32/trunk/lib/libusartstm32/libusartstm32.a(usartx_tx_advlnptr.o)
 .debug_aranges
                0x00000228       0x20 ./../../../../svn_pod/sw_stm32/trunk/lib/libusartstm32/libusartstm32.a(USART1_rxdma.o)
 .debug_aranges
                0x00000248       0x20 ./../../../../svn_pod/sw_stm32/trunk/lib/libusartstm32/libusartstm32.a(usartx_rxint_init.o)
 .debug_aranges
                0x00000268       0x20 ./../../../../svn_pod/sw_stm32/trunk/lib/libusartstm32/libusartstm32.a(usartx_txint_send.o)
 .debug_aranges
                0x00000288       0x20 ./../../../../svn_pod/sw_stm32/trunk/lib/libusartstm32/libusartstm32.a(usartx_txint_init.o)
 .debug_aranges
                0x000002a8       0x20 ./../../../../svn_pod/sw_stm32/trunk/lib/libusartstm32/libusartstm32.a(mymalloc.o)
 .debug_aranges
                0x000002c8       0x20 ./../../../../svn_pod/sw_stm32/trunk/lib/libusartstm32/libusartstm32.a(usartx_setbaud.o)
 .debug_aranges
                0x000002e8       0x20 ./../../../../svn_pod/sw_stm32/trunk/lib/libusartstm32/libusartstm32.a(usartx_txmin_init.o)
 .debug_aranges
                0x00000308       0x20 ./../../../../svn_pod/sw_stm32/trunk/lib/libusartstm32/libusartstm32.a(usartx_rxdma_init.o)
 .debug_aranges
                0x00000328       0x20 ./../../../sw_f103/trunk/lib/libsensormisc/libsensormisc.a(crc-32.o)
 .debug_aranges
                0x00000348       0x20 ./../../../sw_f103/trunk/lib/libsensormisc/libsensormisc.a(can_nxp_setRS.o)
 .debug_aranges
                0x00000368       0x20 ./../../../sw_f103/trunk/lib/libsensormisc/libsensormisc.a(canwinch_setup_F103_pod.o)
 .debug_aranges
                0x00000388       0x20 ./../../../sw_f103/trunk/lib/libsensormisc/libsensormisc.a(panic_leds_pod.o)
 .debug_aranges
                0x000003a8       0x20 ./../../../sw_f103/trunk/lib/libdevicestm32/libdevicestm32.a(flash_write.o)
 .debug_aranges
                0x000003c8       0x20 ./../../../sw_f103/trunk/lib/libdevicestm32/libdevicestm32.a(SENSORpinconfig.o)
 .debug_aranges
                0x000003e8       0x20 ./../../../../svn_pod/sw_stm32/trunk/devices/libdevicesstm32.a(pinconfig_all.o)
 .debug_aranges
                0x00000408       0x20 ./../../../../svn_pod/sw_stm32/trunk/devices/libdevicesstm32.a(PODpinconfig.o)
 .debug_aranges
                0x00000428       0x20 ./../../../../svn_common/trunk/f103/libcommon_allf103.a(can_driver.o)
 .debug_aranges
                0x00000448       0x20 ./../../../../svn_common/trunk/f103/libcommon_allf103.a(can_driver_port.o)
 .debug_aranges
                0x00000468       0x20 ./../../../../svn_common/trunk/f103/libcommon_allf103.a(can_driver_filter.o)
 .debug_aranges
                0x00000488       0x20 ./../../../../svn_common/trunk/f103/libcommon_allf103.a(can_msg_reset.o)

.debug_line     0x00000000     0x47e7
 .debug_line    0x00000000      0x1aa vector.o
 .debug_line    0x000001aa      0x416 ldr.o
 .debug_line    0x000005c0      0x1df newlib_support.o
 .debug_line    0x0000079f      0x517 canwinch_ldrproto.o
 .debug_line    0x00000cb6       0x2a ./../../../../svn_pod/sw_stm32/trunk/lib/libmiscstm32/libmiscstm32.a(busfreq.o)
 .debug_line    0x00000ce0      0x1df ./../../../../svn_pod/sw_stm32/trunk/lib/libmiscstm32/libmiscstm32.a(clockspecifysetup.o)
 .debug_line    0x00000ebf       0x3f ./../../../../svn_pod/sw_stm32/trunk/lib/libmiscstm32/libmiscstm32.a(DTW_counter.o)
 .debug_line    0x00000efe      0x1ad ./../../../../svn_pod/sw_stm32/trunk/lib/libmiscstm32/libmiscstm32.a(printf.o)
 .debug_line    0x000010ab       0x57 ./../../../../svn_pod/sw_stm32/trunk/lib/libmiscstm32/libmiscstm32.a(startup_deh.o)
 .debug_line    0x00001102      0x1de ./../../../../svn_pod/sw_stm32/trunk/lib/libusartstm32/libusartstm32.a(USART1_rxinttxint.o)
 .debug_line    0x000012e0      0x1f9 ./../../../../svn_pod/sw_stm32/trunk/lib/libusartstm32/libusartstm32.a(USART1_txint_putc.o)
 .debug_line    0x000014d9      0x1fc ./../../../../svn_pod/sw_stm32/trunk/lib/libusartstm32/libusartstm32.a(USART1_txint_puts.o)
 .debug_line    0x000016d5      0x1dd ./../../../../svn_pod/sw_stm32/trunk/lib/libusartstm32/libusartstm32.a(USART1_txint_send.o)
 .debug_line    0x000018b2      0x1dd ./../../../../svn_pod/sw_stm32/trunk/lib/libusartstm32/libusartstm32.a(USART1_txint_busy.o)
 .debug_line    0x00001a8f      0x1c0 ./../../../../svn_pod/sw_stm32/trunk/lib/libusartstm32/libusartstm32.a(USART1_txmin.o)
 .debug_line    0x00001c4f      0x1f7 ./../../../../svn_pod/sw_stm32/trunk/lib/libusartstm32/libusartstm32.a(usartx_txdma_init.o)
 .debug_line    0x00001e46      0x1c7 ./../../../../svn_pod/sw_stm32/trunk/lib/libusartstm32/libusartstm32.a(usartx_tx_advlnptr.o)
 .debug_line    0x0000200d      0x1c9 ./../../../../svn_pod/sw_stm32/trunk/lib/libusartstm32/libusartstm32.a(USART1_rxdma.o)
 .debug_line    0x000021d6      0x219 ./../../../../svn_pod/sw_stm32/trunk/lib/libusartstm32/libusartstm32.a(usartx_rxint_init.o)
 .debug_line    0x000023ef      0x1e6 ./../../../../svn_pod/sw_stm32/trunk/lib/libusartstm32/libusartstm32.a(usartx_txint_send.o)
 .debug_line    0x000025d5      0x1e9 ./../../../../svn_pod/sw_stm32/trunk/lib/libusartstm32/libusartstm32.a(usartx_txint_init.o)
 .debug_line    0x000027be      0x15d ./../../../../svn_pod/sw_stm32/trunk/lib/libusartstm32/libusartstm32.a(mymalloc.o)
 .debug_line    0x0000291b      0x169 ./../../../../svn_pod/sw_stm32/trunk/lib/libusartstm32/libusartstm32.a(usartx_setbaud.o)
 .debug_line    0x00002a84      0x18c ./../../../../svn_pod/sw_stm32/trunk/lib/libusartstm32/libusartstm32.a(usartx_txmin_init.o)
 .debug_line    0x00002c10      0x1e5 ./../../../../svn_pod/sw_stm32/trunk/lib/libusartstm32/libusartstm32.a(usartx_rxdma_init.o)
 .debug_line    0x00002df5      0x18e ./../../../sw_f103/trunk/lib/libsensormisc/libsensormisc.a(crc-32.o)
 .debug_line    0x00002f83      0x1b9 ./../../../sw_f103/trunk/lib/libsensormisc/libsensormisc.a(can_nxp_setRS.o)
 .debug_line    0x0000313c      0x22e ./../../../sw_f103/trunk/lib/libsensormisc/libsensormisc.a(canwinch_setup_F103_pod.o)
 .debug_line    0x0000336a      0x208 ./../../../sw_f103/trunk/lib/libsensormisc/libsensormisc.a(panic_leds_pod.o)
 .debug_line    0x00003572      0x21f ./../../../sw_f103/trunk/lib/libdevicestm32/libdevicestm32.a(flash_write.o)
 .debug_line    0x00003791      0x1d7 ./../../../sw_f103/trunk/lib/libdevicestm32/libdevicestm32.a(SENSORpinconfig.o)
 .debug_line    0x00003968      0x196 ./../../../../svn_pod/sw_stm32/trunk/devices/libdevicesstm32.a(pinconfig_all.o)
 .debug_line    0x00003afe      0x1ba ./../../../../svn_pod/sw_stm32/trunk/devices/libdevicesstm32.a(PODpinconfig.o)
 .debug_line    0x00003cb8      0x51e ./../../../../svn_common/trunk/f103/libcommon_allf103.a(can_driver.o)
 .debug_line    0x000041d6      0x1ce ./../../../../svn_common/trunk/f103/libcommon_allf103.a(can_driver_port.o)
 .debug_line    0x000043a4      0x2bf ./../../../../svn_common/trunk/f103/libcommon_allf103.a(can_driver_filter.o)
 .debug_line    0x00004663      0x184 ./../../../../svn_common/trunk/f103/libcommon_allf103.a(can_msg_reset.o)

.debug_str      0x00000000     0x1dd8
 .debug_str     0x00000000      0x1c5 vector.o
                                0x20e (size before relaxing)
 .debug_str     0x000001c5      0x47f ldr.o
                                0x637 (size before relaxing)
 .debug_str     0x00000644      0x1f1 newlib_support.o
                                0x3e7 (size before relaxing)
 .debug_str     0x00000835      0x271 canwinch_ldrproto.o
                                0x6e2 (size before relaxing)
 .debug_str     0x00000aa6       0xc9 ./../../../../svn_pod/sw_stm32/trunk/lib/libmiscstm32/libmiscstm32.a(busfreq.o)
                                0x102 (size before relaxing)
 .debug_str     0x00000b6f      0x204 ./../../../../svn_pod/sw_stm32/trunk/lib/libmiscstm32/libmiscstm32.a(clockspecifysetup.o)
                                0x3ae (size before relaxing)
 .debug_str     0x00000d73        0xe ./../../../../svn_pod/sw_stm32/trunk/lib/libmiscstm32/libmiscstm32.a(DTW_counter.o)
                                0x162 (size before relaxing)
 .debug_str     0x00000d81       0x7f ./../../../../svn_pod/sw_stm32/trunk/lib/libmiscstm32/libmiscstm32.a(printf.o)
                                0x1ad (size before relaxing)
 .debug_str     0x00000e00       0x5b ./../../../../svn_pod/sw_stm32/trunk/lib/libmiscstm32/libmiscstm32.a(startup_deh.o)
                                0x13b (size before relaxing)
 .debug_str     0x00000e5b      0x264 ./../../../../svn_pod/sw_stm32/trunk/lib/libusartstm32/libusartstm32.a(USART1_rxinttxint.o)
                                0x3a9 (size before relaxing)
 .debug_str     0x000010bf       0x26 ./../../../../svn_pod/sw_stm32/trunk/lib/libusartstm32/libusartstm32.a(USART1_txint_putc.o)
                                0x23b (size before relaxing)
 .debug_str     0x000010e5       0x21 ./../../../../svn_pod/sw_stm32/trunk/lib/libusartstm32/libusartstm32.a(USART1_txint_puts.o)
                                0x236 (size before relaxing)
 .debug_str     0x00001106       0x26 ./../../../../svn_pod/sw_stm32/trunk/lib/libusartstm32/libusartstm32.a(USART1_txint_send.o)
                                0x229 (size before relaxing)
 .debug_str     0x0000112c       0x14 ./../../../../svn_pod/sw_stm32/trunk/lib/libusartstm32/libusartstm32.a(USART1_txint_busy.o)
                                0x217 (size before relaxing)
 .debug_str     0x00001140       0x33 ./../../../../svn_pod/sw_stm32/trunk/lib/libusartstm32/libusartstm32.a(USART1_txmin.o)
                                0x241 (size before relaxing)
 .debug_str     0x00001173       0x7c ./../../../../svn_pod/sw_stm32/trunk/lib/libusartstm32/libusartstm32.a(usartx_txdma_init.o)
                                0x29c (size before relaxing)
 .debug_str     0x000011ef       0x2c ./../../../../svn_pod/sw_stm32/trunk/lib/libusartstm32/libusartstm32.a(usartx_tx_advlnptr.o)
                                0x233 (size before relaxing)
 .debug_str     0x0000121b       0x72 ./../../../../svn_pod/sw_stm32/trunk/lib/libusartstm32/libusartstm32.a(USART1_rxdma.o)
                                0x27b (size before relaxing)
 .debug_str     0x0000128d       0x79 ./../../../../svn_pod/sw_stm32/trunk/lib/libusartstm32/libusartstm32.a(usartx_rxint_init.o)
                                0x2df (size before relaxing)
 .debug_str     0x00001306       0x14 ./../../../../svn_pod/sw_stm32/trunk/lib/libusartstm32/libusartstm32.a(usartx_txint_send.o)
                                0x233 (size before relaxing)
 .debug_str     0x0000131a       0x31 ./../../../../svn_pod/sw_stm32/trunk/lib/libusartstm32/libusartstm32.a(usartx_txint_init.o)
                                0x29c (size before relaxing)
 .debug_str     0x0000134b       0x28 ./../../../../svn_pod/sw_stm32/trunk/lib/libusartstm32/libusartstm32.a(mymalloc.o)
                                0x1ab (size before relaxing)
 .debug_str     0x00001373       0x55 ./../../../../svn_pod/sw_stm32/trunk/lib/libusartstm32/libusartstm32.a(usartx_setbaud.o)
                                0x1fd (size before relaxing)
 .debug_str     0x000013c8       0x14 ./../../../../svn_pod/sw_stm32/trunk/lib/libusartstm32/libusartstm32.a(usartx_txmin_init.o)
                                0x1b6 (size before relaxing)
 .debug_str     0x000013dc       0x30 ./../../../../svn_pod/sw_stm32/trunk/lib/libusartstm32/libusartstm32.a(usartx_rxdma_init.o)
                                0x293 (size before relaxing)
 .debug_str     0x0000140c       0x66 ./../../../sw_f103/trunk/lib/libsensormisc/libsensormisc.a(crc-32.o)
                                0x1a8 (size before relaxing)
 .debug_str     0x00001472       0x24 ./../../../sw_f103/trunk/lib/libsensormisc/libsensormisc.a(can_nxp_setRS.o)
                                0x1b2 (size before relaxing)
 .debug_str     0x00001496      0x141 ./../../../sw_f103/trunk/lib/libsensormisc/libsensormisc.a(canwinch_setup_F103_pod.o)
                                0x6ea (size before relaxing)
 .debug_str     0x000015d7       0x28 ./../../../sw_f103/trunk/lib/libsensormisc/libsensormisc.a(panic_leds_pod.o)
                                0x1f0 (size before relaxing)
 .debug_str     0x000015ff      0x17d ./../../../sw_f103/trunk/lib/libdevicestm32/libdevicestm32.a(flash_write.o)
                                0x247 (size before relaxing)
 .debug_str     0x0000177c       0xd6 ./../../../sw_f103/trunk/lib/libdevicestm32/libdevicestm32.a(SENSORpinconfig.o)
                                0x2c6 (size before relaxing)
 .debug_str     0x00001852       0x52 ./../../../../svn_pod/sw_stm32/trunk/devices/libdevicesstm32.a(pinconfig_all.o)
                                0x203 (size before relaxing)
 .debug_str     0x000018a4       0x42 ./../../../../svn_pod/sw_stm32/trunk/devices/libdevicesstm32.a(PODpinconfig.o)
                                0x1d0 (size before relaxing)
 .debug_str     0x000018e6      0x34f ./../../../../svn_common/trunk/f103/libcommon_allf103.a(can_driver.o)
                                0x73f (size before relaxing)
 .debug_str     0x00001c35       0x1c ./../../../../svn_common/trunk/f103/libcommon_allf103.a(can_driver_port.o)
                                0x26f (size before relaxing)
 .debug_str     0x00001c51      0x13c ./../../../../svn_common/trunk/f103/libcommon_allf103.a(can_driver_filter.o)
                                0x385 (size before relaxing)
 .debug_str     0x00001d8d       0x4b ./../../../../svn_common/trunk/f103/libcommon_allf103.a(can_msg_reset.o)
                                0x3f3 (size before relaxing)

.comment        0x00000000       0x6e
 .comment       0x00000000       0x6e vector.o
                                 0x6f (size before relaxing)
 .comment       0x0000006e       0x6f ldr.o
 .comment       0x0000006e       0x6f newlib_support.o
 .comment       0x0000006e       0x6f canwinch_ldrproto.o
 .comment       0x0000006e       0x6f ./../../../../svn_pod/sw_stm32/trunk/lib/libmiscstm32/libmiscstm32.a(busfreq.o)
 .comment       0x0000006e       0x6f ./../../../../svn_pod/sw_stm32/trunk/lib/libmiscstm32/libmiscstm32.a(clockspecifysetup.o)
 .comment       0x0000006e       0x6f ./../../../../svn_pod/sw_stm32/trunk/lib/libmiscstm32/libmiscstm32.a(DTW_counter.o)
 .comment       0x0000006e       0x6f ./../../../../svn_pod/sw_stm32/trunk/lib/libmiscstm32/libmiscstm32.a(printf.o)
 .comment       0x0000006e       0x6f ./../../../../svn_pod/sw_stm32/trunk/lib/libmiscstm32/libmiscstm32.a(startup_deh.o)
 .comment       0x0000006e       0x6f ./../../../../svn_pod/sw_stm32/trunk/lib/libusartstm32/libusartstm32.a(USART1_rxinttxint.o)
 .comment       0x0000006e       0x6f ./../../../../svn_pod/sw_stm32/trunk/lib/libusartstm32/libusartstm32.a(USART1_txint_putc.o)
 .comment       0x0000006e       0x6f ./../../../../svn_pod/sw_stm32/trunk/lib/libusartstm32/libusartstm32.a(USART1_txint_puts.o)
 .comment       0x0000006e       0x6f ./../../../../svn_pod/sw_stm32/trunk/lib/libusartstm32/libusartstm32.a(USART1_txint_send.o)
 .comment       0x0000006e       0x6f ./../../../../svn_pod/sw_stm32/trunk/lib/libusartstm32/libusartstm32.a(USART1_txint_busy.o)
 .comment       0x0000006e       0x6f ./../../../../svn_pod/sw_stm32/trunk/lib/libusartstm32/libusartstm32.a(USART1_txmin.o)
 .comment       0x0000006e       0x6f ./../../../../svn_pod/sw_stm32/trunk/lib/libusartstm32/libusartstm32.a(usartx_txdma_init.o)
 .comment       0x0000006e       0x6f ./../../../../svn_pod/sw_stm32/trunk/lib/libusartstm32/libusartstm32.a(usartx_tx_advlnptr.o)
 .comment       0x0000006e       0x6f ./../../../../svn_pod/sw_stm32/trunk/lib/libusartstm32/libusartstm32.a(USART1_rxdma.o)
 .comment       0x0000006e       0x6f ./../../../../svn_pod/sw_stm32/trunk/lib/libusartstm32/libusartstm32.a(usartx_rxint_init.o)
 .comment       0x0000006e       0x6f ./../../../../svn_pod/sw_stm32/trunk/lib/libusartstm32/libusartstm32.a(usartx_txint_send.o)
 .comment       0x0000006e       0x6f ./../../../../svn_pod/sw_stm32/trunk/lib/libusartstm32/libusartstm32.a(usartx_txint_init.o)
 .comment       0x0000006e       0x6f ./../../../../svn_pod/sw_stm32/trunk/lib/libusartstm32/libusartstm32.a(mymalloc.o)
 .comment       0x0000006e       0x6f ./../../../../svn_pod/sw_stm32/trunk/lib/libusartstm32/libusartstm32.a(usartx_setbaud.o)
 .comment       0x0000006e       0x6f ./../../../../svn_pod/sw_stm32/trunk/lib/libusartstm32/libusartstm32.a(usartx_txmin_init.o)
 .comment       0x0000006e       0x6f ./../../../../svn_pod/sw_stm32/trunk/lib/libusartstm32/libusartstm32.a(usartx_rxdma_init.o)
 .comment       0x0000006e       0x6f ./../../../sw_f103/trunk/lib/libsensormisc/libsensormisc.a(crc-32.o)
 .comment       0x0000006e       0x6f ./../../../sw_f103/trunk/lib/libsensormisc/libsensormisc.a(can_nxp_setRS.o)
 .comment       0x0000006e       0x6f ./../../../sw_f103/trunk/lib/libsensormisc/libsensormisc.a(canwinch_setup_F103_pod.o)
 .comment       0x0000006e       0x6f ./../../../sw_f103/trunk/lib/libsensormisc/libsensormisc.a(panic_leds_pod.o)
 .comment       0x0000006e       0x6f ./../../../sw_f103/trunk/lib/libdevicestm32/libdevicestm32.a(flash_write.o)
 .comment       0x0000006e       0x6f ./../../../sw_f103/trunk/lib/libdevicestm32/libdevicestm32.a(SENSORpinconfig.o)
 .comment       0x0000006e       0x6f ./../../../../svn_pod/sw_stm32/trunk/devices/libdevicesstm32.a(pinconfig_all.o)
 .comment       0x0000006e       0x6f ./../../../../svn_pod/sw_stm32/trunk/devices/libdevicesstm32.a(PODpinconfig.o)
 .comment       0x0000006e       0x6f ./../../../../svn_common/trunk/f103/libcommon_allf103.a(can_driver.o)
 .comment       0x0000006e       0x6f ./../../../../svn_common/trunk/f103/libcommon_allf103.a(can_driver_port.o)
 .comment       0x0000006e       0x6f ./../../../../svn_common/trunk/f103/libcommon_allf103.a(can_driver_filter.o)
 .comment       0x0000006e       0x6f ./../../../../svn_common/trunk/f103/libcommon_allf103.a(can_msg_reset.o)

.ARM.attributes
                0x00000000       0x33
 .ARM.attributes
                0x00000000       0x33 vector.o
 .ARM.attributes
                0x00000033       0x33 ldr.o
 .ARM.attributes
                0x00000066       0x33 newlib_support.o
 .ARM.attributes
                0x00000099       0x33 canwinch_ldrproto.o
 .ARM.attributes
                0x000000cc       0x2d /home/deh/launchpad/gcc-arm-none-eabi-5_4-2016q3/arm-none-eabi/lib/armv7-m/libc.a(lib_a-reent.o)
 .ARM.attributes
                0x000000f9       0x2d /home/deh/launchpad/gcc-arm-none-eabi-5_4-2016q3/arm-none-eabi/lib/armv7-m/libc.a(lib_a-freer.o)
 .ARM.attributes
                0x00000126       0x2d /home/deh/launchpad/gcc-arm-none-eabi-5_4-2016q3/arm-none-eabi/lib/armv7-m/libc.a(lib_a-impure.o)
 .ARM.attributes
                0x00000153       0x2d /home/deh/launchpad/gcc-arm-none-eabi-5_4-2016q3/arm-none-eabi/lib/armv7-m/libc.a(lib_a-mallocr.o)
 .ARM.attributes
                0x00000180       0x2d /home/deh/launchpad/gcc-arm-none-eabi-5_4-2016q3/arm-none-eabi/lib/armv7-m/libc.a(lib_a-mlock.o)
 .ARM.attributes
                0x000001ad       0x2d /home/deh/launchpad/gcc-arm-none-eabi-5_4-2016q3/arm-none-eabi/lib/armv7-m/libc.a(lib_a-sbrkr.o)
 .ARM.attributes
                0x000001da       0x33 ./../../../../svn_pod/sw_stm32/trunk/lib/libmiscstm32/libmiscstm32.a(busfreq.o)
 .ARM.attributes
                0x0000020d       0x33 ./../../../../svn_pod/sw_stm32/trunk/lib/libmiscstm32/libmiscstm32.a(clockspecifysetup.o)
 .ARM.attributes
                0x00000240       0x33 ./../../../../svn_pod/sw_stm32/trunk/lib/libmiscstm32/libmiscstm32.a(DTW_counter.o)
 .ARM.attributes
                0x00000273       0x33 ./../../../../svn_pod/sw_stm32/trunk/lib/libmiscstm32/libmiscstm32.a(printf.o)
 .ARM.attributes
                0x000002a6       0x33 ./../../../../svn_pod/sw_stm32/trunk/lib/libmiscstm32/libmiscstm32.a(startup_deh.o)
 .ARM.attributes
                0x000002d9       0x33 ./../../../../svn_pod/sw_stm32/trunk/lib/libusartstm32/libusartstm32.a(USART1_rxinttxint.o)
 .ARM.attributes
                0x0000030c       0x33 ./../../../../svn_pod/sw_stm32/trunk/lib/libusartstm32/libusartstm32.a(USART1_txint_putc.o)
 .ARM.attributes
                0x0000033f       0x33 ./../../../../svn_pod/sw_stm32/trunk/lib/libusartstm32/libusartstm32.a(USART1_txint_puts.o)
 .ARM.attributes
                0x00000372       0x33 ./../../../../svn_pod/sw_stm32/trunk/lib/libusartstm32/libusartstm32.a(USART1_txint_send.o)
 .ARM.attributes
                0x000003a5       0x33 ./../../../../svn_pod/sw_stm32/trunk/lib/libusartstm32/libusartstm32.a(USART1_txint_busy.o)
 .ARM.attributes
                0x000003d8       0x14 ./../../../../svn_pod/sw_stm32/trunk/lib/libusartstm32/libusartstm32.a(usartx_putsS.o)
 .ARM.attributes
                0x000003ec       0x33 ./../../../../svn_pod/sw_stm32/trunk/lib/libusartstm32/libusartstm32.a(USART1_txmin.o)
 .ARM.attributes
                0x0000041f       0x33 ./../../../../svn_pod/sw_stm32/trunk/lib/libusartstm32/libusartstm32.a(usartx_txdma_init.o)
 .ARM.attributes
                0x00000452       0x33 ./../../../../svn_pod/sw_stm32/trunk/lib/libusartstm32/libusartstm32.a(usartx_tx_advlnptr.o)
 .ARM.attributes
                0x00000485       0x33 ./../../../../svn_pod/sw_stm32/trunk/lib/libusartstm32/libusartstm32.a(USART1_rxdma.o)
 .ARM.attributes
                0x000004b8       0x33 ./../../../../svn_pod/sw_stm32/trunk/lib/libusartstm32/libusartstm32.a(usartx_rxint_init.o)
 .ARM.attributes
                0x000004eb       0x33 ./../../../../svn_pod/sw_stm32/trunk/lib/libusartstm32/libusartstm32.a(usartx_txint_send.o)
 .ARM.attributes
                0x0000051e       0x33 ./../../../../svn_pod/sw_stm32/trunk/lib/libusartstm32/libusartstm32.a(usartx_txint_init.o)
 .ARM.attributes
                0x00000551       0x33 ./../../../../svn_pod/sw_stm32/trunk/lib/libusartstm32/libusartstm32.a(mymalloc.o)
 .ARM.attributes
                0x00000584       0x33 ./../../../../svn_pod/sw_stm32/trunk/lib/libusartstm32/libusartstm32.a(usartx_setbaud.o)
 .ARM.attributes
                0x000005b7       0x33 ./../../../../svn_pod/sw_stm32/trunk/lib/libusartstm32/libusartstm32.a(usartx_txmin_init.o)
 .ARM.attributes
                0x000005ea       0x33 ./../../../../svn_pod/sw_stm32/trunk/lib/libusartstm32/libusartstm32.a(usartx_rxdma_init.o)
 .ARM.attributes
                0x0000061d       0x33 ./../../../sw_f103/trunk/lib/libsensormisc/libsensormisc.a(crc-32.o)
 .ARM.attributes
                0x00000650       0x33 ./../../../sw_f103/trunk/lib/libsensormisc/libsensormisc.a(can_nxp_setRS.o)
 .ARM.attributes
                0x00000683       0x33 ./../../../sw_f103/trunk/lib/libsensormisc/libsensormisc.a(canwinch_setup_F103_pod.o)
 .ARM.attributes
                0x000006b6       0x33 ./../../../sw_f103/trunk/lib/libsensormisc/libsensormisc.a(panic_leds_pod.o)
 .ARM.attributes
                0x000006e9       0x35 ./../../../sw_f103/trunk/lib/libdevicestm32/libdevicestm32.a(flash_write.o)
 .ARM.attributes
                0x0000071e       0x35 ./../../../sw_f103/trunk/lib/libdevicestm32/libdevicestm32.a(SENSORpinconfig.o)
 .ARM.attributes
                0x00000753       0x33 ./../../../../svn_pod/sw_stm32/trunk/devices/libdevicesstm32.a(pinconfig_all.o)
 .ARM.attributes
                0x00000786       0x33 ./../../../../svn_pod/sw_stm32/trunk/devices/libdevicesstm32.a(PODpinconfig.o)
 .ARM.attributes
                0x000007b9       0x33 ./../../../../svn_common/trunk/f103/libcommon_allf103.a(can_driver.o)
 .ARM.attributes
                0x000007ec       0x33 ./../../../../svn_common/trunk/f103/libcommon_allf103.a(can_driver_port.o)
 .ARM.attributes
                0x0000081f       0x33 ./../../../../svn_common/trunk/f103/libcommon_allf103.a(can_driver_filter.o)
 .ARM.attributes
                0x00000852       0x33 ./../../../../svn_common/trunk/f103/libcommon_allf103.a(can_msg_reset.o)
 .ARM.attributes
                0x00000885       0x2d /home/deh/launchpad/gcc-arm-none-eabi-5_4-2016q3/arm-none-eabi/lib/armv7-m/libc.a(lib_a-calloc.o)
 .ARM.attributes
                0x000008b2       0x2d /home/deh/launchpad/gcc-arm-none-eabi-5_4-2016q3/arm-none-eabi/lib/armv7-m/libc.a(lib_a-callocr.o)
 .ARM.attributes
                0x000008df       0x2d /home/deh/launchpad/gcc-arm-none-eabi-5_4-2016q3/arm-none-eabi/lib/armv7-m/libc.a(lib_a-memset.o)

.debug_frame    0x00000000     0x11bc
 .debug_frame   0x00000000       0x70 vector.o
 .debug_frame   0x00000070       0x80 ldr.o
 .debug_frame   0x000000f0      0x134 newlib_support.o
 .debug_frame   0x00000224      0x2fc canwinch_ldrproto.o
 .debug_frame   0x00000520       0x58 /home/deh/launchpad/gcc-arm-none-eabi-5_4-2016q3/arm-none-eabi/lib/armv7-m/libc.a(lib_a-reent.o)
 .debug_frame   0x00000578       0x74 /home/deh/launchpad/gcc-arm-none-eabi-5_4-2016q3/arm-none-eabi/lib/armv7-m/libc.a(lib_a-freer.o)
 .debug_frame   0x000005ec       0x54 /home/deh/launchpad/gcc-arm-none-eabi-5_4-2016q3/arm-none-eabi/lib/armv7-m/libc.a(lib_a-mallocr.o)
 .debug_frame   0x00000640       0x30 /home/deh/launchpad/gcc-arm-none-eabi-5_4-2016q3/arm-none-eabi/lib/armv7-m/libc.a(lib_a-mlock.o)
 .debug_frame   0x00000670       0x2c /home/deh/launchpad/gcc-arm-none-eabi-5_4-2016q3/arm-none-eabi/lib/armv7-m/libc.a(lib_a-sbrkr.o)
 .debug_frame   0x0000069c       0x40 ./../../../../svn_pod/sw_stm32/trunk/lib/libmiscstm32/libmiscstm32.a(clockspecifysetup.o)
 .debug_frame   0x000006dc       0x20 ./../../../../svn_pod/sw_stm32/trunk/lib/libmiscstm32/libmiscstm32.a(DTW_counter.o)
 .debug_frame   0x000006fc      0x118 ./../../../../svn_pod/sw_stm32/trunk/lib/libmiscstm32/libmiscstm32.a(printf.o)
 .debug_frame   0x00000814       0x28 ./../../../../svn_pod/sw_stm32/trunk/lib/libmiscstm32/libmiscstm32.a(startup_deh.o)
 .debug_frame   0x0000083c       0x48 ./../../../../svn_pod/sw_stm32/trunk/lib/libusartstm32/libusartstm32.a(USART1_rxinttxint.o)
 .debug_frame   0x00000884       0x28 ./../../../../svn_pod/sw_stm32/trunk/lib/libusartstm32/libusartstm32.a(USART1_txint_putc.o)
 .debug_frame   0x000008ac       0x2c ./../../../../svn_pod/sw_stm32/trunk/lib/libusartstm32/libusartstm32.a(USART1_txint_puts.o)
 .debug_frame   0x000008d8       0x28 ./../../../../svn_pod/sw_stm32/trunk/lib/libusartstm32/libusartstm32.a(USART1_txint_send.o)
 .debug_frame   0x00000900       0x20 ./../../../../svn_pod/sw_stm32/trunk/lib/libusartstm32/libusartstm32.a(USART1_txint_busy.o)
 .debug_frame   0x00000920       0x20 ./../../../../svn_pod/sw_stm32/trunk/lib/libusartstm32/libusartstm32.a(USART1_txmin.o)
 .debug_frame   0x00000940       0x48 ./../../../../svn_pod/sw_stm32/trunk/lib/libusartstm32/libusartstm32.a(usartx_txdma_init.o)
 .debug_frame   0x00000988       0x30 ./../../../../svn_pod/sw_stm32/trunk/lib/libusartstm32/libusartstm32.a(usartx_tx_advlnptr.o)
 .debug_frame   0x000009b8       0x30 ./../../../../svn_pod/sw_stm32/trunk/lib/libusartstm32/libusartstm32.a(USART1_rxdma.o)
 .debug_frame   0x000009e8       0x8c ./../../../../svn_pod/sw_stm32/trunk/lib/libusartstm32/libusartstm32.a(usartx_rxint_init.o)
 .debug_frame   0x00000a74       0x28 ./../../../../svn_pod/sw_stm32/trunk/lib/libusartstm32/libusartstm32.a(usartx_txint_send.o)
 .debug_frame   0x00000a9c       0x48 ./../../../../svn_pod/sw_stm32/trunk/lib/libusartstm32/libusartstm32.a(usartx_txint_init.o)
 .debug_frame   0x00000ae4       0x20 ./../../../../svn_pod/sw_stm32/trunk/lib/libusartstm32/libusartstm32.a(mymalloc.o)
 .debug_frame   0x00000b04       0x28 ./../../../../svn_pod/sw_stm32/trunk/lib/libusartstm32/libusartstm32.a(usartx_setbaud.o)
 .debug_frame   0x00000b2c       0x28 ./../../../../svn_pod/sw_stm32/trunk/lib/libusartstm32/libusartstm32.a(usartx_txmin_init.o)
 .debug_frame   0x00000b54       0x48 ./../../../../svn_pod/sw_stm32/trunk/lib/libusartstm32/libusartstm32.a(usartx_rxdma_init.o)
 .debug_frame   0x00000b9c       0x2c ./../../../sw_f103/trunk/lib/libsensormisc/libsensormisc.a(crc-32.o)
 .debug_frame   0x00000bc8       0x28 ./../../../sw_f103/trunk/lib/libsensormisc/libsensormisc.a(can_nxp_setRS.o)
 .debug_frame   0x00000bf0       0x3c ./../../../sw_f103/trunk/lib/libsensormisc/libsensormisc.a(canwinch_setup_F103_pod.o)
 .debug_frame   0x00000c2c       0x48 ./../../../sw_f103/trunk/lib/libsensormisc/libsensormisc.a(panic_leds_pod.o)
 .debug_frame   0x00000c74       0x94 ./../../../sw_f103/trunk/lib/libdevicestm32/libdevicestm32.a(flash_write.o)
 .debug_frame   0x00000d08       0x3c ./../../../sw_f103/trunk/lib/libdevicestm32/libdevicestm32.a(SENSORpinconfig.o)
 .debug_frame   0x00000d44       0x28 ./../../../../svn_pod/sw_stm32/trunk/devices/libdevicesstm32.a(pinconfig_all.o)
 .debug_frame   0x00000d6c       0x78 ./../../../../svn_pod/sw_stm32/trunk/devices/libdevicesstm32.a(PODpinconfig.o)
 .debug_frame   0x00000de4      0x1f0 ./../../../../svn_common/trunk/f103/libcommon_allf103.a(can_driver.o)
 .debug_frame   0x00000fd4       0x34 ./../../../../svn_common/trunk/f103/libcommon_allf103.a(can_driver_port.o)
 .debug_frame   0x00001008       0xf8 ./../../../../svn_common/trunk/f103/libcommon_allf103.a(can_driver_filter.o)
 .debug_frame   0x00001100       0x40 ./../../../../svn_common/trunk/f103/libcommon_allf103.a(can_msg_reset.o)
 .debug_frame   0x00001140       0x20 /home/deh/launchpad/gcc-arm-none-eabi-5_4-2016q3/arm-none-eabi/lib/armv7-m/libc.a(lib_a-calloc.o)
 .debug_frame   0x00001160       0x28 /home/deh/launchpad/gcc-arm-none-eabi-5_4-2016q3/arm-none-eabi/lib/armv7-m/libc.a(lib_a-callocr.o)
 .debug_frame   0x00001188       0x34 /home/deh/launchpad/gcc-arm-none-eabi-5_4-2016q3/arm-none-eabi/lib/armv7-m/libc.a(lib_a-memset.o)

.debug_loc      0x00000000     0x33e9
 .debug_loc     0x00000000       0xf3 ldr.o
 .debug_loc     0x000000f3      0x396 newlib_support.o
 .debug_loc     0x00000489      0xb33 canwinch_ldrproto.o
 .debug_loc     0x00000fbc       0xcb ./../../../../svn_pod/sw_stm32/trunk/lib/libmiscstm32/libmiscstm32.a(clockspecifysetup.o)
 .debug_loc     0x00001087      0x6d4 ./../../../../svn_pod/sw_stm32/trunk/lib/libmiscstm32/libmiscstm32.a(printf.o)
 .debug_loc     0x0000175b       0x56 ./../../../../svn_pod/sw_stm32/trunk/lib/libmiscstm32/libmiscstm32.a(startup_deh.o)
 .debug_loc     0x000017b1       0xe4 ./../../../../svn_pod/sw_stm32/trunk/lib/libusartstm32/libusartstm32.a(USART1_rxinttxint.o)
 .debug_loc     0x00001895       0x21 ./../../../../svn_pod/sw_stm32/trunk/lib/libusartstm32/libusartstm32.a(USART1_txint_putc.o)
 .debug_loc     0x000018b6       0x3f ./../../../../svn_pod/sw_stm32/trunk/lib/libusartstm32/libusartstm32.a(USART1_txint_puts.o)
 .debug_loc     0x000018f5       0x2c ./../../../../svn_pod/sw_stm32/trunk/lib/libusartstm32/libusartstm32.a(USART1_txmin.o)
 .debug_loc     0x00001921      0x180 ./../../../../svn_pod/sw_stm32/trunk/lib/libusartstm32/libusartstm32.a(usartx_txdma_init.o)
 .debug_loc     0x00001aa1       0x81 ./../../../../svn_pod/sw_stm32/trunk/lib/libusartstm32/libusartstm32.a(USART1_rxdma.o)
 .debug_loc     0x00001b22      0x1e9 ./../../../../svn_pod/sw_stm32/trunk/lib/libusartstm32/libusartstm32.a(usartx_rxint_init.o)
 .debug_loc     0x00001d0b       0x58 ./../../../../svn_pod/sw_stm32/trunk/lib/libusartstm32/libusartstm32.a(usartx_txint_send.o)
 .debug_loc     0x00001d63      0x160 ./../../../../svn_pod/sw_stm32/trunk/lib/libusartstm32/libusartstm32.a(usartx_txint_init.o)
 .debug_loc     0x00001ec3       0x21 ./../../../../svn_pod/sw_stm32/trunk/lib/libusartstm32/libusartstm32.a(mymalloc.o)
 .debug_loc     0x00001ee4       0xe8 ./../../../../svn_pod/sw_stm32/trunk/lib/libusartstm32/libusartstm32.a(usartx_setbaud.o)
 .debug_loc     0x00001fcc       0x3f ./../../../../svn_pod/sw_stm32/trunk/lib/libusartstm32/libusartstm32.a(usartx_txmin_init.o)
 .debug_loc     0x0000200b      0x139 ./../../../../svn_pod/sw_stm32/trunk/lib/libusartstm32/libusartstm32.a(usartx_rxdma_init.o)
 .debug_loc     0x00002144       0xad ./../../../sw_f103/trunk/lib/libsensormisc/libsensormisc.a(crc-32.o)
 .debug_loc     0x000021f1       0x7c ./../../../sw_f103/trunk/lib/libsensormisc/libsensormisc.a(can_nxp_setRS.o)
 .debug_loc     0x0000226d       0xb2 ./../../../sw_f103/trunk/lib/libsensormisc/libsensormisc.a(canwinch_setup_F103_pod.o)
 .debug_loc     0x0000231f       0x48 ./../../../sw_f103/trunk/lib/libsensormisc/libsensormisc.a(panic_leds_pod.o)
 .debug_loc     0x00002367      0x2a4 ./../../../sw_f103/trunk/lib/libdevicestm32/libdevicestm32.a(flash_write.o)
 .debug_loc     0x0000260b       0x75 ./../../../sw_f103/trunk/lib/libdevicestm32/libdevicestm32.a(SENSORpinconfig.o)
 .debug_loc     0x00002680       0xed ./../../../../svn_pod/sw_stm32/trunk/devices/libdevicesstm32.a(pinconfig_all.o)
 .debug_loc     0x0000276d       0xb4 ./../../../../svn_pod/sw_stm32/trunk/devices/libdevicesstm32.a(PODpinconfig.o)
 .debug_loc     0x00002821      0x633 ./../../../../svn_common/trunk/f103/libcommon_allf103.a(can_driver.o)
 .debug_loc     0x00002e54       0x74 ./../../../../svn_common/trunk/f103/libcommon_allf103.a(can_driver_port.o)
 .debug_loc     0x00002ec8      0x47c ./../../../../svn_common/trunk/f103/libcommon_allf103.a(can_driver_filter.o)
 .debug_loc     0x00003344       0xa5 ./../../../../svn_common/trunk/f103/libcommon_allf103.a(can_msg_reset.o)

.debug_ranges   0x00000000      0x160
 .debug_ranges  0x00000000       0x20 ldr.o
 .debug_ranges  0x00000020       0xc0 canwinch_ldrproto.o
 .debug_ranges  0x000000e0       0x48 ./../../../../svn_pod/sw_stm32/trunk/lib/libmiscstm32/libmiscstm32.a(printf.o)
 .debug_ranges  0x00000128       0x38 ./../../../sw_f103/trunk/lib/libsensormisc/libsensormisc.a(panic_leds_pod.o)
